Component: ARM Compiler 5.06 update 1 (build 61) Tool: armlink [4d35a8]

==============================================================================

Section Cross References

    startup_stm32f405xx.o(RESET) refers to startup_stm32f405xx.o(STACK) for __initial_sp
    startup_stm32f405xx.o(RESET) refers to startup_stm32f405xx.o(.text) for Reset_Handler
    startup_stm32f405xx.o(RESET) refers to stm32f4xx_it.o(i.NMI_Handler) for NMI_Handler
    startup_stm32f405xx.o(RESET) refers to stm32f4xx_it.o(i.HardFault_Handler) for HardFault_Handler
    startup_stm32f405xx.o(RESET) refers to stm32f4xx_it.o(i.MemManage_Handler) for MemManage_Handler
    startup_stm32f405xx.o(RESET) refers to stm32f4xx_it.o(i.BusFault_Handler) for BusFault_Handler
    startup_stm32f405xx.o(RESET) refers to stm32f4xx_it.o(i.UsageFault_Handler) for UsageFault_Handler
    startup_stm32f405xx.o(RESET) refers to port.o(.emb_text) for SVC_Handler
    startup_stm32f405xx.o(RESET) refers to stm32f4xx_it.o(i.DebugMon_Handler) for DebugMon_Handler
    startup_stm32f405xx.o(RESET) refers to cmsis_os2.o(i.SysTick_Handler) for SysTick_Handler
    startup_stm32f405xx.o(RESET) refers to stm32f4xx_it.o(i.DMA1_Stream1_IRQHandler) for DMA1_Stream1_IRQHandler
    startup_stm32f405xx.o(RESET) refers to stm32f4xx_it.o(i.DMA1_Stream2_IRQHandler) for DMA1_Stream2_IRQHandler
    startup_stm32f405xx.o(RESET) refers to stm32f4xx_it.o(i.DMA1_Stream3_IRQHandler) for DMA1_Stream3_IRQHandler
    startup_stm32f405xx.o(RESET) refers to stm32f4xx_it.o(i.DMA1_Stream4_IRQHandler) for DMA1_Stream4_IRQHandler
    startup_stm32f405xx.o(RESET) refers to stm32f4xx_it.o(i.DMA1_Stream5_IRQHandler) for DMA1_Stream5_IRQHandler
    startup_stm32f405xx.o(RESET) refers to stm32f4xx_it.o(i.DMA1_Stream6_IRQHandler) for DMA1_Stream6_IRQHandler
    startup_stm32f405xx.o(RESET) refers to stm32f4xx_it.o(i.I2C1_EV_IRQHandler) for I2C1_EV_IRQHandler
    startup_stm32f405xx.o(RESET) refers to stm32f4xx_it.o(i.I2C1_ER_IRQHandler) for I2C1_ER_IRQHandler
    startup_stm32f405xx.o(RESET) refers to stm32f4xx_it.o(i.SPI1_IRQHandler) for SPI1_IRQHandler
    startup_stm32f405xx.o(RESET) refers to stm32f4xx_it.o(i.SPI2_IRQHandler) for SPI2_IRQHandler
    startup_stm32f405xx.o(RESET) refers to stm32f4xx_it.o(i.USART1_IRQHandler) for USART1_IRQHandler
    startup_stm32f405xx.o(RESET) refers to stm32f4xx_it.o(i.USART2_IRQHandler) for USART2_IRQHandler
    startup_stm32f405xx.o(RESET) refers to stm32f4xx_it.o(i.USART3_IRQHandler) for USART3_IRQHandler
    startup_stm32f405xx.o(RESET) refers to stm32f4xx_it.o(i.SDIO_IRQHandler) for SDIO_IRQHandler
    startup_stm32f405xx.o(RESET) refers to stm32f4xx_it.o(i.UART4_IRQHandler) for UART4_IRQHandler
    startup_stm32f405xx.o(RESET) refers to stm32f4xx_it.o(i.TIM6_DAC_IRQHandler) for TIM6_DAC_IRQHandler
    startup_stm32f405xx.o(RESET) refers to stm32f4xx_it.o(i.DMA2_Stream1_IRQHandler) for DMA2_Stream1_IRQHandler
    startup_stm32f405xx.o(RESET) refers to stm32f4xx_it.o(i.DMA2_Stream2_IRQHandler) for DMA2_Stream2_IRQHandler
    startup_stm32f405xx.o(RESET) refers to stm32f4xx_it.o(i.DMA2_Stream6_IRQHandler) for DMA2_Stream6_IRQHandler
    startup_stm32f405xx.o(RESET) refers to stm32f4xx_it.o(i.DMA2_Stream7_IRQHandler) for DMA2_Stream7_IRQHandler
    startup_stm32f405xx.o(.text) refers to system_stm32f4xx.o(i.SystemInit) for SystemInit
    startup_stm32f405xx.o(.text) refers to entry.o(.ARM.Collect$$$$00000000) for __main
    app_control.o(i.PID_GetCurrentTemperature) refers to app_control.o(.data) for .data
    app_control.o(i.PID_GetSetpoint) refers to app_control.o(.data) for .data
    app_control.o(i.PID_SetTemperature) refers to app_control.o(.data) for .data
    app_control.o(i.eeprom_read_u32) refers to at24c02.o(i.at24c02_read_buffer) for at24c02_read_buffer
    app_control.o(i.eeprom_write_u32) refers to at24c02.o(i.at24c02_write_page) for at24c02_write_page
    app_control.o(i.heart_off) refers to stm32f4xx_hal_gpio.o(i.HAL_GPIO_WritePin) for HAL_GPIO_WritePin
    app_control.o(i.heart_on) refers to stm32f4xx_hal_gpio.o(i.HAL_GPIO_WritePin) for HAL_GPIO_WritePin
    app_control.o(i.led_blink) refers to stm32f4xx_hal_gpio.o(i.HAL_GPIO_TogglePin) for HAL_GPIO_TogglePin
    app_control.o(i.temp_ctrl_is_running) refers to app_control.o(.data) for .data
    app_control.o(i.temp_ctrl_start) refers to f2d.o(.text) for __aeabi_f2d
    app_control.o(i.temp_ctrl_start) refers to printfa.o(i.__0printf) for __2printf
    app_control.o(i.temp_ctrl_start) refers to app_control.o(.data) for .data
    app_control.o(i.temp_ctrl_stop) refers to app_control.o(i.heart_off) for heart_off
    app_control.o(i.temp_ctrl_stop) refers to printfa.o(i.__0printf) for __2printf
    app_control.o(i.temp_ctrl_stop) refers to app_control.o(.data) for .data
    app_control.o(i.temp_ctrl_task) refers to ads124s08_rtd.o(i.ads124s08_init) for ads124s08_init
    app_control.o(i.temp_ctrl_task) refers to printfa.o(i.__0printf) for __2printf
[...]
    TIM1_CC_IRQHandler                       0x08000277   Thumb Code     0  startup_stm32f405xx.o(.text)
    TIM1_TRG_COM_TIM11_IRQHandler            0x08000277   Thumb Code     0  startup_stm32f405xx.o(.text)
    TIM1_UP_TIM10_IRQHandler                 0x08000277   Thumb Code     0  startup_stm32f405xx.o(.text)
    TIM2_IRQHandler                          0x08000277   Thumb Code     0  startup_stm32f405xx.o(.text)
    TIM3_IRQHandler                          0x08000277   Thumb Code     0  startup_stm32f405xx.o(.text)
    TIM4_IRQHandler                          0x08000277   Thumb Code     0  startup_stm32f405xx.o(.text)
    TIM5_IRQHandler                          0x08000277   Thumb Code     0  startup_stm32f405xx.o(.text)
    TIM7_IRQHandler                          0x08000277   Thumb Code     0  startup_stm32f405xx.o(.text)
    TIM8_BRK_TIM12_IRQHandler                0x08000277   Thumb Code     0  startup_stm32f405xx.o(.text)
    TIM8_CC_IRQHandler                       0x08000277   Thumb Code     0  startup_stm32f405xx.o(.text)
    TIM8_TRG_COM_TIM14_IRQHandler            0x08000277   Thumb Code     0  startup_stm32f405xx.o(.text)
    TIM8_UP_TIM13_IRQHandler                 0x08000277   Thumb Code     0  startup_stm32f405xx.o(.text)
    UART5_IRQHandler                         0x08000277   Thumb Code     0  startup_stm32f405xx.o(.text)
    USART6_IRQHandler                        0x08000277   Thumb Code     0  startup_stm32f405xx.o(.text)
    WWDG_IRQHandler                          0x08000277   Thumb Code     0  startup_stm32f405xx.o(.text)
    __aeabi_uldivmod                         0x08000281   Thumb Code    98  uldiv.o(.text)
    __aeabi_memcpy                           0x080002e3   Thumb Code    36  memcpya.o(.text)
    __aeabi_memcpy4                          0x080002e3   Thumb Code     0  memcpya.o(.text)
    __aeabi_memcpy8                          0x080002e3   Thumb Code     0  memcpya.o(.text)
    __aeabi_memset                           0x08000307   Thumb Code    14  memseta.o(.text)
    __aeabi_memset4                          0x08000307   Thumb Code     0  memseta.o(.text)
    __aeabi_memset8                          0x08000307   Thumb Code     0  memseta.o(.text)
    __aeabi_memclr                           0x08000315   Thumb Code     4  memseta.o(.text)
    __aeabi_memclr4                          0x08000315   Thumb Code     0  memseta.o(.text)
    __aeabi_memclr8                          0x08000315   Thumb Code     0  memseta.o(.text)
    memset                                   0x08000319   Thumb Code    18  memseta.o(.text)
    __aeabi_f2d                              0x0800032b   Thumb Code    38  f2d.o(.text)
    __aeabi_uidiv                            0x08000351   Thumb Code     0  uidiv.o(.text)
    __aeabi_uidivmod                         0x08000351   Thumb Code    44  uidiv.o(.text)
    __aeabi_llsl                             0x0800037d   Thumb Code    30  llshl.o(.text)
    _ll_shift_l                              0x0800037d   Thumb Code     0  llshl.o(.text)
    __aeabi_llsr                             0x0800039b   Thumb Code    32  llushr.o(.text)
    _ll_ushift_r                             0x0800039b   Thumb Code     0  llushr.o(.text)
    __I$use$fp                               0x080003bb   Thumb Code     0  iusefp.o(.text)
    __aeabi_dadd                             0x080003bb   Thumb Code   322  dadd.o(.text)
    __aeabi_dsub                             0x080004fd   Thumb Code     6  dadd.o(.text)
    __aeabi_drsub                            0x08000503   Thumb Code     6  dadd.o(.text)
    __aeabi_dmul                             0x08000509   Thumb Code   228  dmul.o(.text)
    __aeabi_ddiv                             0x080005ed   Thumb Code   222  ddiv.o(.text)
    __aeabi_d2ulz                            0x080006cb   Thumb Code    48  dfixul.o(.text)
    __aeabi_cdrcmple                         0x080006fd   Thumb Code    48  cdrcmple.o(.text)
    __scatterload                            0x0800072d   Thumb Code    28  init.o(.text)
    __scatterload_rt2                        0x0800072d   Thumb Code     0  init.o(.text)
    __aeabi_lasr                             0x08000751   Thumb Code    36  llsshr.o(.text)
    _ll_sshift_r                             0x08000751   Thumb Code     0  llsshr.o(.text)
    _double_round                            0x08000775   Thumb Code    30  depilogue.o(.text)
    _double_epilogue                         0x08000793   Thumb Code   156  depilogue.o(.text)
    __decompress                             0x0800082f   Thumb Code     0  __dczerorl.o(.text)
    __decompress0                            0x0800082f   Thumb Code    58  __dczerorl.o(.text)
    BusFault_Handler                         0x08000869   Thumb Code     2  stm32f4xx_it.o(i.BusFault_Handler)
    DMA1_Stream1_IRQHandler                  0x0800086d   Thumb Code     6  stm32f4xx_it.o(i.DMA1_Stream1_IRQHandler)
    DMA1_Stream2_IRQHandler                  0x08000879   Thumb Code     6  stm32f4xx_it.o(i.DMA1_Stream2_IRQHandler)
    DMA1_Stream3_IRQHandler                  0x08000885   Thumb Code     6  stm32f4xx_it.o(i.DMA1_Stream3_IRQHandler)
    DMA1_Stream4_IRQHandler                  0x08000891   Thumb Code     6  stm32f4xx_it.o(i.DMA1_Stream4_IRQHandler)
    DMA1_Stream5_IRQHandler                  0x0800089d   Thumb Code     6  stm32f4xx_it.o(i.DMA1_Stream5_IRQHandler)
    DMA1_Stream6_IRQHandler                  0x080008a9   Thumb Code     6  stm32f4xx_it.o(i.DMA1_Stream6_IRQHandler)
    DMA2_Stream1_IRQHandler                  0x080008b5   Thumb Code     2  stm32f4xx_it.o(i.DMA2_Stream1_IRQHandler)
    DMA2_Stream2_IRQHandler                  0x080008b9   Thumb Code     6  stm32f4xx_it.o(i.DMA2_Stream2_IRQHandler)
    DMA2_Stream6_IRQHandler                  0x080008c5   Thumb Code     2  stm32f4xx_it.o(i.DMA2_Stream6_IRQHandler)
    DMA2_Stream7_IRQHandler                  0x080008c9   Thumb Code     6  stm32f4xx_it.o(i.DMA2_Stream7_IRQHandler)
    DebugMon_Handler                         0x08000979   Thumb Code     2  stm32f4xx_it.o(i.DebugMon_Handler)
    Error_Handler                            0x0800097b   Thumb Code     4  main.o(i.Error_Handler)
    HAL_DMA_Abort                            0x0800097f   Thumb Code   146  stm32f4xx_hal_dma.o(i.HAL_DMA_Abort)
    HAL_DMA_Abort_IT                         0x08000a11   Thumb Code    36  stm32f4xx_hal_dma.o(i.HAL_DMA_Abort_IT)
    HAL_DMA_GetState                         0x08000a35   Thumb Code     6  stm32f4xx_hal_dma.o(i.HAL_DMA_GetState)
    HAL_DMA_IRQHandler                       0x08000a3d   Thumb Code   412  stm32f4xx_hal_dma.o(i.HAL_DMA_IRQHandler)
    HAL_DMA_Init                             0x08000bdd   Thumb Code   206  stm32f4xx_hal_dma.o(i.HAL_DMA_Init)
    HAL_DMA_Start_IT                         0x08000cb1   Thumb Code   110  stm32f4xx_hal_dma.o(i.HAL_DMA_Start_IT)
    HAL_Delay                                0x08000d21   Thumb Code    32  stm32f4xx_hal.o(i.HAL_Delay)
    HAL_GPIO_Init                            0x08000d45   Thumb Code   450  stm32f4xx_hal_gpio.o(i.HAL_GPIO_Init)
    HAL_GPIO_ReadPin                         0x08000f35   Thumb Code    10  stm32f4xx_hal_gpio.o(i.HAL_GPIO_ReadPin)
    HAL_GPIO_TogglePin                       0x08000f3f   Thumb Code    16  stm32f4xx_hal_gpio.o(i.HAL_GPIO_TogglePin)
    HAL_GPIO_WritePin                        0x08000f4f   Thumb Code    10  stm32f4xx_hal_gpio.o(i.HAL_GPIO_WritePin)
    HAL_GetTick                              0x08000f59   Thumb Code     6  stm32f4xx_hal.o(i.HAL_GetTick)
    HAL_I2C_AbortCpltCallback                0x08000f65   Thumb Code     2  stm32f4xx_hal_i2c.o(i.HAL_I2C_AbortCpltCallback)
    HAL_I2C_AddrCallback                     0x08000f67   Thumb Code     2  stm32f4xx_hal_i2c.o(i.HAL_I2C_AddrCallback)
    HAL_I2C_ER_IRQHandler                    0x08000f69   Thumb Code   186  stm32f4xx_hal_i2c.o(i.HAL_I2C_ER_IRQHandler)
    HAL_I2C_EV_IRQHandler                    0x08001023   Thumb Code   560  stm32f4xx_hal_i2c.o(i.HAL_I2C_EV_IRQHandler)
    HAL_I2C_ErrorCallback                    0x08001253   Thumb Code     2  stm32f4xx_hal_i2c.o(i.HAL_I2C_ErrorCallback)
    HAL_I2C_Init                             0x08001255   Thumb Code   376  stm32f4xx_hal_i2c.o(i.HAL_I2C_Init)
    HAL_I2C_ListenCpltCallback               0x080013dd   Thumb Code     2  stm32f4xx_hal_i2c.o(i.HAL_I2C_ListenCpltCallback)
    HAL_I2C_MasterRxCpltCallback             0x080013df   Thumb Code     2  stm32f4xx_hal_i2c.o(i.HAL_I2C_MasterRxCpltCallback)
    HAL_I2C_MasterTxCpltCallback             0x080013e1   Thumb Code     2  stm32f4xx_hal_i2c.o(i.HAL_I2C_MasterTxCpltCallback)
    HAL_I2C_MemRxCpltCallback                0x080013e3   Thumb Code     2  stm32f4xx_hal_i2c.o(i.HAL_I2C_MemRxCpltCallback)
    HAL_I2C_MemTxCpltCallback                0x080013e5   Thumb Code     2  stm32f4xx_hal_i2c.o(i.HAL_I2C_MemTxCpltCallback)
    HAL_I2C_Mem_Read                         0x080013e9   Thumb Code   502  stm32f4xx_hal_i2c.o(i.HAL_I2C_Mem_Read)
    HAL_I2C_Mem_Write                        0x080015ed   Thumb Code   294  stm32f4xx_hal_i2c.o(i.HAL_I2C_Mem_Write)
    HAL_I2C_MspInit                          0x0800171d   Thumb Code   126  i2c.o(i.HAL_I2C_MspInit)
    HAL_I2C_SlaveRxCpltCallback              0x080017a9   Thumb Code     2  stm32f4xx_hal_i2c.o(i.HAL_I2C_SlaveRxCpltCallback)
    HAL_I2C_SlaveTxCpltCallback              0x080017ab   Thumb Code     2  stm32f4xx_hal_i2c.o(i.HAL_I2C_SlaveTxCpltCallback)
    HAL_IWDG_Init                            0x080017ad   Thumb Code    94  stm32f4xx_hal_iwdg.o(i.HAL_IWDG_Init)
    HAL_IWDG_Refresh                         0x0800180b   Thumb Code    12  stm32f4xx_hal_iwdg.o(i.HAL_IWDG_Refresh)
    HAL_IncTick                              0x08001819   Thumb Code    12  stm32f4xx_hal.o(i.HAL_IncTick)
    HAL_Init                                 0x08001829   Thumb Code    48  stm32f4xx_hal.o(i.HAL_Init)
    HAL_InitTick                             0x0800185d   Thumb Code   132  stm32f4xx_hal_timebase_tim.o(i.HAL_InitTick)
    HAL_MspInit                              0x080018f5   Thumb Code    52  stm32f4xx_hal_msp.o(i.HAL_MspInit)
    HAL_NVIC_EnableIRQ                       0x0800192d   Thumb Code    26  stm32f4xx_hal_cortex.o(i.HAL_NVIC_EnableIRQ)
    HAL_NVIC_SetPriority                     0x08001949   Thumb Code    60  stm32f4xx_hal_cortex.o(i.HAL_NVIC_SetPriority)
    HAL_NVIC_SetPriorityGrouping             0x08001989   Thumb Code    26  stm32f4xx_hal_cortex.o(i.HAL_NVIC_SetPriorityGrouping)
    HAL_RCC_ClockConfig                      0x080019ad   Thumb Code   288  stm32f4xx_hal_rcc.o(i.HAL_RCC_ClockConfig)
    HAL_RCC_GetClockConfig                   0x08001ae1   Thumb Code    54  stm32f4xx_hal_rcc.o(i.HAL_RCC_GetClockConfig)
    HAL_RCC_GetPCLK1Freq                     0x08001b21   Thumb Code    20  stm32f4xx_hal_rcc.o(i.HAL_RCC_GetPCLK1Freq)
    HAL_RCC_GetPCLK2Freq                     0x08001b41   Thumb Code    20  stm32f4xx_hal_rcc.o(i.HAL_RCC_GetPCLK2Freq)
    HAL_RCC_GetSysClockFreq                  0x08001b61   Thumb Code    88  stm32f4xx_hal_rcc.o(i.HAL_RCC_GetSysClockFreq)
    HAL_RCC_OscConfig                        0x08001bc1   Thumb Code   856  stm32f4xx_hal_rcc.o(i.HAL_RCC_OscConfig)
    HAL_SD_AbortCallback                     0x08001f2d   Thumb Code     2  stm32f4xx_hal_sd.o(i.HAL_SD_AbortCallback)
    HAL_SD_ErrorCallback                     0x08001f2f   Thumb Code     2  stm32f4xx_hal_sd.o(i.HAL_SD_ErrorCallback)
    HAL_SD_GetCardState                      0x08001f31   Thumb Code    44  stm32f4xx_hal_sd.o(i.HAL_SD_GetCardState)
    HAL_SD_IRQHandler                        0x08001f5d   Thumb Code   512  stm32f4xx_hal_sd.o(i.HAL_SD_IRQHandler)
    HAL_SD_RxCpltCallback                    0x08002165   Thumb Code     2  stm32f4xx_hal_sd.o(i.HAL_SD_RxCpltCallback)
    HAL_SD_TxCpltCallback                    0x08002167   Thumb Code     2  stm32f4xx_hal_sd.o(i.HAL_SD_TxCpltCallback)
    HAL_SPI_ErrorCallback                    0x08002169   Thumb Code     2  stm32f4xx_hal_spi.o(i.HAL_SPI_ErrorCallback)
    HAL_SPI_IRQHandler                       0x0800216d   Thumb Code   246  stm32f4xx_hal_spi.o(i.HAL_SPI_IRQHandler)
    HAL_SPI_Init                             0x08002269   Thumb Code   188  stm32f4xx_hal_spi.o(i.HAL_SPI_Init)
    HAL_SPI_MspInit                          0x08002325   Thumb Code   140  spi.o(i.HAL_SPI_MspInit)
    HAL_SPI_Receive                          0x080023bd   Thumb Code   340  stm32f4xx_hal_spi.o(i.HAL_SPI_Receive)
    HAL_SPI_Transmit                         0x08002511   Thumb Code   358  stm32f4xx_hal_spi.o(i.HAL_SPI_Transmit)
    HAL_SPI_TransmitReceive                  0x08002677   Thumb Code   496  stm32f4xx_hal_spi.o(i.HAL_SPI_TransmitReceive)
    HAL_TIMEx_BreakCallback                  0x08002867   Thumb Code     2  stm32f4xx_hal_tim_ex.o(i.HAL_TIMEx_BreakCallback)
    HAL_TIMEx_CommutCallback                 0x08002869   Thumb Code     2  stm32f4xx_hal_tim_ex.o(i.HAL_TIMEx_CommutCallback)
    HAL_TIM_Base_Init                        0x0800286b   Thumb Code    90  stm32f4xx_hal_tim.o(i.HAL_TIM_Base_Init)
    HAL_TIM_Base_MspInit                     0x080028c5   Thumb Code    86  tim.o(i.HAL_TIM_Base_MspInit)
    HAL_TIM_Base_Start_IT                    0x0800292d   Thumb Code   100  stm32f4xx_hal_tim.o(i.HAL_TIM_Base_Start_IT)
    HAL_TIM_IC_CaptureCallback               0x080029ad   Thumb Code     2  stm32f4xx_hal_tim.o(i.HAL_TIM_IC_CaptureCallback)
    HAL_TIM_IRQHandler                       0x080029af   Thumb Code   304  stm32f4xx_hal_tim.o(i.HAL_TIM_IRQHandler)
    HAL_TIM_OC_DelayElapsedCallback          0x08002adf   Thumb Code     2  stm32f4xx_hal_tim.o(i.HAL_TIM_OC_DelayElapsedCallback)
    HAL_TIM_PWM_PulseFinishedCallback        0x08002ae1   Thumb Code     2  stm32f4xx_hal_tim.o(i.HAL_TIM_PWM_PulseFinishedCallback)
    HAL_TIM_PeriodElapsedCallback            0x08002ae5   Thumb Code    14  main.o(i.HAL_TIM_PeriodElapsedCallback)
    HAL_TIM_TriggerCallback                  0x08002af9   Thumb Code     2  stm32f4xx_hal_tim.o(i.HAL_TIM_TriggerCallback)
    HAL_UARTEx_RxEventCallback               0x08002afb   Thumb Code     2  stm32f4xx_hal_uart.o(i.HAL_UARTEx_RxEventCallback)
    HAL_UART_DMAStop                         0x08002afd   Thumb Code   112  stm32f4xx_hal_uart.o(i.HAL_UART_DMAStop)
    HAL_UART_ErrorCallback                   0x08002b6d   Thumb Code     2  stm32f4xx_hal_uart.o(i.HAL_UART_ErrorCallback)
    HAL_UART_IRQHandler                      0x08002b71   Thumb Code   636  stm32f4xx_hal_uart.o(i.HAL_UART_IRQHandler)
    HAL_UART_Init                            0x08002df1   Thumb Code   100  stm32f4xx_hal_uart.o(i.HAL_UART_Init)
    HAL_UART_MspInit                         0x08002e55   Thumb Code   828  usart.o(i.HAL_UART_MspInit)
    HAL_UART_Receive_DMA                     0x080031c1   Thumb Code    28  stm32f4xx_hal_uart.o(i.HAL_UART_Receive_DMA)
    HAL_UART_RxCpltCallback                  0x080031dd   Thumb Code     2  stm32f4xx_hal_uart.o(i.HAL_UART_RxCpltCallback)
    HAL_UART_RxHalfCpltCallback              0x080031df   Thumb Code     2  stm32f4xx_hal_uart.o(i.HAL_UART_RxHalfCpltCallback)
    HAL_UART_Transmit                        0x080031e1   Thumb Code   160  stm32f4xx_hal_uart.o(i.HAL_UART_Transmit)
    HAL_UART_TxCpltCallback                  0x08003281   Thumb Code     2  stm32f4xx_hal_uart.o(i.HAL_UART_TxCpltCallback)
    HardFault_Handler                        0x08003283   Thumb Code     2  stm32f4xx_it.o(i.HardFault_Handler)
    I2C1_ER_IRQHandler                       0x08003285   Thumb Code     6  stm32f4xx_it.o(i.I2C1_ER_IRQHandler)
    I2C1_EV_IRQHandler                       0x08003291   Thumb Code     6  stm32f4xx_it.o(i.I2C1_EV_IRQHandler)
    MX_DMA_Init                              0x08004089   Thumb Code   200  dma.o(i.MX_DMA_Init)
    MX_FREERTOS_Init                         0x08004155   Thumb Code    96  freertos.o(i.MX_FREERTOS_Init)
    MX_GPIO_Init                             0x080041d1   Thumb Code   306  gpio.o(i.MX_GPIO_Init)
    MX_I2C1_Init                             0x08004315   Thumb Code    50  i2c.o(i.MX_I2C1_Init)
    MX_IWDG_Init                             0x08004355   Thumb Code    36  iwdg.o(i.MX_IWDG_Init)
    MX_SPI1_Init                             0x08004381   Thumb Code    64  spi.o(i.MX_SPI1_Init)
    MX_UART4_Init                            0x080043cd   Thumb Code    48  usart.o(i.MX_UART4_Init)
    MX_USART1_UART_Init                      0x08004405   Thumb Code    48  usart.o(i.MX_USART1_UART_Init)
    MX_USART2_UART_Init                      0x0800443d   Thumb Code    48  usart.o(i.MX_USART2_UART_Init)
    MX_USART3_UART_Init                      0x08004475   Thumb Code    48  usart.o(i.MX_USART3_UART_Init)
    MemManage_Handler                        0x080044ad   Thumb Code     2  stm32f4xx_it.o(i.MemManage_Handler)
    NMI_Handler                              0x080044af   Thumb Code     2  stm32f4xx_it.o(i.NMI_Handler)
    PID_GetCurrentTemperature                0x080044b1   Thumb Code     8  app_control.o(i.PID_GetCurrentTemperature)
    PID_SetTemperature                       0x080044bd   Thumb Code     8  app_control.o(i.PID_SetTemperature)
    SDIO_GetResponse                         0x080044c9   Thumb Code     6  stm32f4xx_ll_sdmmc.o(i.SDIO_GetResponse)
    SDIO_IRQHandler                          0x080044d1   Thumb Code     6  stm32f4xx_it.o(i.SDIO_IRQHandler)
    SDIO_ReadFIFO                            0x080044dd   Thumb Code     6  stm32f4xx_ll_sdmmc.o(i.SDIO_ReadFIFO)
    SDIO_SendCommand                         0x080044e3   Thumb Code    32  stm32f4xx_ll_sdmmc.o(i.SDIO_SendCommand)
    SDIO_WriteFIFO                           0x08004503   Thumb Code    10  stm32f4xx_ll_sdmmc.o(i.SDIO_WriteFIFO)
    SDMMC_CmdSendStatus                      0x0800450d   Thumb Code    50  stm32f4xx_ll_sdmmc.o(i.SDMMC_CmdSendStatus)
    SDMMC_CmdStopTransfer                    0x08004541   Thumb Code    46  stm32f4xx_ll_sdmmc.o(i.SDMMC_CmdStopTransfer)
    SDMMC_GetCmdResp1                        0x08004575   Thumb Code   278  stm32f4xx_ll_sdmmc.o(i.SDMMC_GetCmdResp1)
    SPI1_IRQHandler                          0x0800471d   Thumb Code     6  stm32f4xx_it.o(i.SPI1_IRQHandler)
    SPI2_IRQHandler                          0x08004729   Thumb Code     6  stm32f4xx_it.o(i.SPI2_IRQHandler)
    StartDefaultTask                         0x080048c9   Thumb Code    22  freertos.o(i.StartDefaultTask)
    SysTick_Handler                          0x080048e5   Thumb Code    26  cmsis_os2.o(i.SysTick_Handler)
    SystemClock_Config                       0x08004901   Thumb Code   146  main.o(i.SystemClock_Config)
    SystemInit                               0x0800499d   Thumb Code    12  system_stm32f4xx.o(i.SystemInit)
    TIM6_DAC_IRQHandler                      0x080049ad   Thumb Code     6  stm32f4xx_it.o(i.TIM6_DAC_IRQHandler)
    TIM_Base_SetConfig                       0x080049b9   Thumb Code   164  stm32f4xx_hal_tim.o(i.TIM_Base_SetConfig)
    UART4_IRQHandler                         0x08004a89   Thumb Code    40  stm32f4xx_it.o(i.UART4_IRQHandler)
    UART_Start_Receive_DMA                   0x08004ded   Thumb Code   146  stm32f4xx_hal_uart.o(i.UART_Start_Receive_DMA)
    USART1_IRQHandler                        0x08004f01   Thumb Code   120  stm32f4xx_it.o(i.USART1_IRQHandler)
    USART2_IRQHandler                        0x08004f89   Thumb Code     6  stm32f4xx_it.o(i.USART2_IRQHandler)
    USART3_IRQHandler                        0x08004f95   Thumb Code     6  stm32f4xx_it.o(i.USART3_IRQHandler)
    UsageFault_Handler                       0x08004fa1   Thumb Code     2  stm32f4xx_it.o(i.UsageFault_Handler)
    __0printf                                0x08004fa5   Thumb Code    22  printfa.o(i.__0printf)
    __1printf                                0x08004fa5   Thumb Code     0  printfa.o(i.__0printf)
    __2printf                                0x08004fa5   Thumb Code     0  printfa.o(i.__0printf)
    __c89printf                              0x08004fa5   Thumb Code     0  printfa.o(i.__0printf)
    printf                                   0x08004fa5   Thumb Code     0  printfa.o(i.__0printf)
    __scatterload_copy                       0x08004ffd   Thumb Code    14  handlers.o(i.__scatterload_copy)
    __scatterload_null                       0x0800500b   Thumb Code     2  handlers.o(i.__scatterload_null)
    __scatterload_zeroinit                   0x0800500d   Thumb Code    14  handlers.o(i.__scatterload_zeroinit)
    ads124s08_hard_reset                     0x080058e9   Thumb Code    40  ads124s08_rtd.o(i.ads124s08_hard_reset)
    ads124s08_init                           0x08005915   Thumb Code   172  ads124s08_rtd.o(i.ads124s08_init)
    ads124s08_read_reg                       0x08005ab5   Thumb Code   104  ads124s08_rtd.o(i.ads124s08_read_reg)
    ads124s08_read_sensor_temp               0x08005b21   Thumb Code   166  ads124s08_rtd.o(i.ads124s08_read_sensor_temp)
    ads124s08_read_temperature               0x08005bd5   Thumb Code    82  ads124s08_rtd.o(i.ads124s08_read_temperature)
    ads124s08_write_reg                      0x08005c59   Thumb Code    86  ads124s08_rtd.o(i.ads124s08_write_reg)
    at24c02_read_buffer                      0x08005cb5   Thumb Code    22  at24c02.o(i.at24c02_read_buffer)
    at24c02_write_page                       0x08005cd1   Thumb Code    28  at24c02.o(i.at24c02_write_page)
    compound_action_task                     0x080077c5   Thumb Code   182  modbus_slave_reg.o(i.compound_action_task)
    cylinder_home                            0x080078b9   Thumb Code    18  dev_cylinder.o(i.cylinder_home)
    cylinder_move_to                         0x080078dd   Thumb Code    22  dev_cylinder.o(i.cylinder_move_to)
    cylinder_read_home_state                 0x080078f3   Thumb Code    36  dev_cylinder.o(i.cylinder_read_home_state)
    cylinder_read_motion_state               0x08007917   Thumb Code    38  dev_cylinder.o(i.cylinder_read_motion_state)
    cylinder_wait_arrived                    0x0800793d   Thumb Code    98  dev_cylinder.o(i.cylinder_wait_arrived)
    cylinder_wait_home                       0x080079e5   Thumb Code    80  dev_cylinder.o(i.cylinder_wait_home)
    dev_cylinder_init                        0x08007a91   Thumb Code    84  dev_cylinder.o(i.dev_cylinder_init)
    dev_fujun_motor_init                     0x08007bc9   Thumb Code   142  dev_fujun_motor.o(i.dev_fujun_motor_init)
    dev_suction_cup_init                     0x08007c5d   Thumb Code    84  dev_suction_cup.o(i.dev_suction_cup_init)
    eeprom_read_u32                          0x08007cb1   Thumb Code    46  app_control.o(i.eeprom_read_u32)
    eeprom_write_u32                         0x08007cdf   Thumb Code    46  app_control.o(i.eeprom_write_u32)
    fputc                                    0x08007d79   Thumb Code    20  usart.o(i.fputc)
    free                                     0x08007d91   Thumb Code    76  malloc.o(i.free)
    fujun_motor_clear_alarm                  0x08007de1   Thumb Code    10  dev_fujun_motor.o(i.fujun_motor_clear_alarm)
    fujun_motor_move_to_absolute             0x08007deb   Thumb Code     8  dev_fujun_motor.o(i.fujun_motor_move_to_absolute)
    fujun_motor_read_alarm                   0x08007df3   Thumb Code    20  dev_fujun_motor.o(i.fujun_motor_read_alarm)
    fujun_motor_read_position                0x08007e07   Thumb Code    38  dev_fujun_motor.o(i.fujun_motor_read_position)
    fujun_motor_set_direction                0x08007e2d   Thumb Code    10  dev_fujun_motor.o(i.fujun_motor_set_direction)
    fujun_motor_set_limit_ports              0x08007e37   Thumb Code    54  dev_fujun_motor.o(i.fujun_motor_set_limit_ports)
    fujun_motor_wait_position                0x08007e6d   Thumb Code   224  dev_fujun_motor.o(i.fujun_motor_wait_position)
    host_transmit                            0x08007fe5   Thumb Code    24  usart.o(i.host_transmit)
    led_blink                                0x08008001   Thumb Code     8  app_control.o(i.led_blink)
    main                                     0x0800800d   Thumb Code    82  main.o(i.main)
    malloc                                   0x08008091   Thumb Code    92  malloc.o(i.malloc)
    modbus_apply_pending_slave_addr          0x080080fd   Thumb Code    28  modbus_slave_reg.o(i.modbus_apply_pending_slave_addr)
    modbus_crc16                             0x0800814d   Thumb Code    38  modbus_rtu.o(i.modbus_crc16)
    modbus_create_mutex                      0x08008179   Thumb Code    24  modbus_rtu.o(i.modbus_create_mutex)
    modbus_create_rx_semaphore               0x08008199   Thumb Code    18  modbus_rtu.o(i.modbus_create_rx_semaphore)
    modbus_get_slave_addr                    0x08008319   Thumb Code     6  modbus_slave_reg.o(i.modbus_get_slave_addr)
    modbus_read_holding_registers            0x08008751   Thumb Code   140  modbus_rtu.o(i.modbus_read_holding_registers)
    modbus_reg_check_access                  0x08008815   Thumb Code    50  modbus_slave_reg.o(i.modbus_reg_check_access)
    modbus_reg_eeprom_cache_init             0x08008849   Thumb Code   240  modbus_slave_reg.o(i.modbus_reg_eeprom_cache_init)
    modbus_reg_is_stop_requested             0x08008945   Thumb Code     6  modbus_slave_reg.o(i.modbus_reg_is_stop_requested)
    modbus_reg_lookup                        0x08008951   Thumb Code    50  modbus_slave_reg.o(i.modbus_reg_lookup)
    modbus_reg_read_value                    0x08008989   Thumb Code   188  modbus_slave_reg.o(i.modbus_reg_read_value)
    modbus_reg_set_system_state              0x08008a59   Thumb Code    58  modbus_slave_reg.o(i.modbus_reg_set_system_state)
    modbus_reg_set_temp_fault                0x08008b05   Thumb Code    22  modbus_slave_reg.o(i.modbus_reg_set_temp_fault)
    modbus_reg_write32_execute               0x08008b21   Thumb Code   214  modbus_slave_reg.o(i.modbus_reg_write32_execute)
    modbus_reg_write_execute                 0x08008c8d   Thumb Code   528  modbus_slave_reg.o(i.modbus_reg_write_execute)
    modbus_rs485_rx_begin                    0x0800901d   Thumb Code    24  usart.o(i.modbus_rs485_rx_begin)
    modbus_rs485_rx_end                      0x08009041   Thumb Code   106  usart.o(i.modbus_rs485_rx_end)
    modbus_write_multiple_registers          0x08009415   Thumb Code   186  modbus_rtu.o(i.modbus_write_multiple_registers)
    modbus_write_single_register             0x08009509   Thumb Code   126  modbus_rtu.o(i.modbus_write_single_register)
    osDelay                                  0x080095c1   Thumb Code    26  cmsis_os2.o(i.osDelay)
    osKernelGetTickCount                     0x080095db   Thumb Code    14  cmsis_os2.o(i.osKernelGetTickCount)
    osKernelInitialize                       0x080095e9   Thumb Code    32  cmsis_os2.o(i.osKernelInitialize)
    osKernelStart                            0x0800960d   Thumb Code    48  cmsis_os2.o(i.osKernelStart)
    osMessageQueueGet                        0x08009645   Thumb Code    96  cmsis_os2.o(i.osMessageQueueGet)
    osMessageQueueNew                        0x080096a9   Thumb Code    88  cmsis_os2.o(i.osMessageQueueNew)
    osMessageQueuePut                        0x08009701   Thumb Code   100  cmsis_os2.o(i.osMessageQueuePut)
    osMutexAcquire                           0x08009769   Thumb Code    82  cmsis_os2.o(i.osMutexAcquire)
    osMutexNew                               0x080097bb   Thumb Code   104  cmsis_os2.o(i.osMutexNew)
    osMutexRelease                           0x08009823   Thumb Code    66  cmsis_os2.o(i.osMutexRelease)
    osSemaphoreAcquire                       0x08009865   Thumb Code    86  cmsis_os2.o(i.osSemaphoreAcquire)
    osSemaphoreNew                           0x080098c1   Thumb Code   152  cmsis_os2.o(i.osSemaphoreNew)
    osSemaphoreRelease                       0x08009959   Thumb Code    80  cmsis_os2.o(i.osSemaphoreRelease)
    osThreadNew                              0x080099ad   Thumb Code   136  cmsis_os2.o(i.osThreadNew)
    osThreadSuspend                          0x08009a35   Thumb Code    32  cmsis_os2.o(i.osThreadSuspend)
    pvPortMalloc                             0x0800a201   Thumb Code   216  heap_4.o(i.pvPortMalloc)
    pvTaskIncrementMutexHeldCount            0x0800a2dd   Thumb Code    18  tasks.o(i.pvTaskIncrementMutexHeldCount)
    pxPortInitialiseStack                    0x0800a2f5   Thumb Code    40  port.o(i.pxPortInitialiseStack)
    rs485_transmit                           0x0800a459   Thumb Code    24  usart.o(i.rs485_transmit)
    suction_cup_read_state                   0x0800a475   Thumb Code    34  dev_suction_cup.o(i.suction_cup_read_state)
    suction_cup_release                      0x0800a497   Thumb Code    10  dev_suction_cup.o(i.suction_cup_release)
    suction_cup_set_io_mode                  0x0800a4a1   Thumb Code    10  dev_suction_cup.o(i.suction_cup_set_io_mode)
    suction_cup_set_judge_time               0x0800a4ab   Thumb Code    10  dev_suction_cup.o(i.suction_cup_set_judge_time)
    suction_cup_set_max_vacuum               0x0800a4b5   Thumb Code    10  dev_suction_cup.o(i.suction_cup_set_max_vacuum)
    suction_cup_set_min_vacuum               0x0800a4bf   Thumb Code    10  dev_suction_cup.o(i.suction_cup_set_min_vacuum)
    suction_cup_suck                         0x0800a4c9   Thumb Code    10  dev_suction_cup.o(i.suction_cup_suck)
    suction_cup_wait_hold                    0x0800a4d3   Thumb Code     8  dev_suction_cup.o(i.suction_cup_wait_hold)
    suction_cup_wait_release                 0x0800a4db   Thumb Code     8  dev_suction_cup.o(i.suction_cup_wait_release)
    suction_cup_wait_state                   0x0800a4e5   Thumb Code   130  dev_suction_cup.o(i.suction_cup_wait_state)
    temp_ctrl_is_running                     0x0800a5b5   Thumb Code     6  app_control.o(i.temp_ctrl_is_running)
    temp_ctrl_start                          0x0800a5c1   Thumb Code    32  app_control.o(i.temp_ctrl_start)
    temp_ctrl_stop                           0x0800a61d   Thumb Code    24  app_control.o(i.temp_ctrl_stop)
    temp_ctrl_task                           0x0800a661   Thumb Code   618  app_control.o(i.temp_ctrl_task)
    uart_comm_task                           0x0800a9ad   Thumb Code   124  usart_comm.o(i.uart_comm_task)
    uart_dma_init                            0x0800aa2d   Thumb Code    56  usart.o(i.uart_dma_init)
    uxListRemove                             0x0800aa71   Thumb Code    38  list.o(i.uxListRemove)
    vApplicationGetIdleTaskMemory            0x0800aa99   Thumb Code    16  cmsis_os2.o(i.vApplicationGetIdleTaskMemory)
    vApplicationGetTimerTaskMemory           0x0800aaad   Thumb Code    18  cmsis_os2.o(i.vApplicationGetTimerTaskMemory)
    vListInitialise                          0x0800aac5   Thumb Code    22  list.o(i.vListInitialise)
    vListInitialiseItem                      0x0800aadb   Thumb Code     6  list.o(i.vListInitialiseItem)
    vListInsert                              0x0800aae1   Thumb Code    48  list.o(i.vListInsert)
    vListInsertEnd                           0x0800ab11   Thumb Code    24  list.o(i.vListInsertEnd)
    vPortEnterCritical                       0x0800ab29   Thumb Code    54  port.o(i.vPortEnterCritical)
    vPortExitCritical                        0x0800ab69   Thumb Code    34  port.o(i.vPortExitCritical)
    vPortFree                                0x0800ab91   Thumb Code    94  heap_4.o(i.vPortFree)
    vPortSetupTimerInterrupt                 0x0800abf5   Thumb Code    32  port.o(i.vPortSetupTimerInterrupt)
    vPortValidateInterruptPriority           0x0800ac19   Thumb Code    74  port.o(i.vPortValidateInterruptPriority)
    vQueueAddToRegistry                      0x0800ac6d   Thumb Code    34  queue.o(i.vQueueAddToRegistry)
    vQueueDelete                             0x0800ac95   Thumb Code    46  queue.o(i.vQueueDelete)
    vQueueUnregisterQueue                    0x0800acc5   Thumb Code    36  queue.o(i.vQueueUnregisterQueue)
    vQueueWaitForMessageRestricted           0x0800aced   Thumb Code    68  queue.o(i.vQueueWaitForMessageRestricted)
    vTaskDelay                               0x0800ad31   Thumb Code    66  tasks.o(i.vTaskDelay)
    vTaskInternalSetTimeOutState             0x0800ad7d   Thumb Code    12  tasks.o(i.vTaskInternalSetTimeOutState)
    vTaskMissedYield                         0x0800ad8d   Thumb Code     8  tasks.o(i.vTaskMissedYield)
    vTaskPlaceOnEventList                    0x0800ad99   Thumb Code    44  tasks.o(i.vTaskPlaceOnEventList)
    vTaskPlaceOnEventListRestricted          0x0800adc9   Thumb Code    52  tasks.o(i.vTaskPlaceOnEventListRestricted)
    vTaskPriorityDisinheritAfterTimeout      0x0800ae01   Thumb Code   134  tasks.o(i.vTaskPriorityDisinheritAfterTimeout)
    vTaskStartScheduler                      0x0800ae91   Thumb Code   118  tasks.o(i.vTaskStartScheduler)
    vTaskSuspend                             0x0800af19   Thumb Code   144  tasks.o(i.vTaskSuspend)
    vTaskSuspendAll                          0x0800afb5   Thumb Code    10  tasks.o(i.vTaskSuspendAll)
    vTaskSwitchContext                       0x0800afc5   Thumb Code    90  tasks.o(i.vTaskSwitchContext)
    xPortStartScheduler                      0x0800b115   Thumb Code   222  port.o(i.xPortStartScheduler)
    xPortSysTickHandler                      0x0800b209   Thumb Code    38  port.o(i.xPortSysTickHandler)
    xQueueCreateCountingSemaphore            0x0800b235   Thumb Code    58  queue.o(i.xQueueCreateCountingSemaphore)
    xQueueCreateCountingSemaphoreStatic      0x0800b26f   Thumb Code    64  queue.o(i.xQueueCreateCountingSemaphoreStatic)
    xQueueCreateMutex                        0x0800b2af   Thumb Code    22  queue.o(i.xQueueCreateMutex)
    xQueueCreateMutexStatic                  0x0800b2c5   Thumb Code    26  queue.o(i.xQueueCreateMutexStatic)
    xQueueGenericCreate                      0x0800b2df   Thumb Code    66  queue.o(i.xQueueGenericCreate)
    xQueueGenericCreateStatic                0x0800b321   Thumb Code   102  queue.o(i.xQueueGenericCreateStatic)
    xQueueGenericReset                       0x0800b389   Thumb Code   132  queue.o(i.xQueueGenericReset)
    xQueueGenericSend                        0x0800b411   Thumb Code   346  queue.o(i.xQueueGenericSend)
    xQueueGenericSendFromISR                 0x0800b571   Thumb Code   190  queue.o(i.xQueueGenericSendFromISR)
    xQueueGiveFromISR                        0x0800b62f   Thumb Code   156  queue.o(i.xQueueGiveFromISR)
    xQueueGiveMutexRecursive                 0x0800b6cb   Thumb Code    62  queue.o(i.xQueueGiveMutexRecursive)
    xQueueReceive                            0x0800b709   Thumb Code   308  queue.o(i.xQueueReceive)
    xQueueReceiveFromISR                     0x0800b841   Thumb Code   154  queue.o(i.xQueueReceiveFromISR)
    xQueueSemaphoreTake                      0x0800b8dd   Thumb Code   372  queue.o(i.xQueueSemaphoreTake)
    xQueueTakeMutexRecursive                 0x0800ba55   Thumb Code    64  queue.o(i.xQueueTakeMutexRecursive)
    xTaskCheckForTimeOut                     0x0800ba95   Thumb Code   112  tasks.o(i.xTaskCheckForTimeOut)
    xTaskCreate                              0x0800bb09   Thumb Code    90  tasks.o(i.xTaskCreate)
    xTaskCreateStatic                        0x0800bb63   Thumb Code    86  tasks.o(i.xTaskCreateStatic)
    xTaskGetCurrentTaskHandle                0x0800bbb9   Thumb Code     6  tasks.o(i.xTaskGetCurrentTaskHandle)
    xTaskGetSchedulerState                   0x0800bbc5   Thumb Code    22  tasks.o(i.xTaskGetSchedulerState)
    xTaskGetTickCount                        0x0800bbe1   Thumb Code     6  tasks.o(i.xTaskGetTickCount)
    xTaskGetTickCountFromISR                 0x0800bbed   Thumb Code    12  tasks.o(i.xTaskGetTickCountFromISR)
    xTaskIncrementTick                       0x0800bbfd   Thumb Code   192  tasks.o(i.xTaskIncrementTick)
    xTaskPriorityDisinherit                  0x0800bcc5   Thumb Code   118  tasks.o(i.xTaskPriorityDisinherit)
    xTaskPriorityInherit                     0x0800bd45   Thumb Code   112  tasks.o(i.xTaskPriorityInherit)
    xTaskRemoveFromEventList                 0x0800bdbd   Thumb Code    98  tasks.o(i.xTaskRemoveFromEventList)
    xTaskResumeAll                           0x0800be2d   Thumb Code   182  tasks.o(i.xTaskResumeAll)
    xTimerCreateTimerTask                    0x0800bef1   Thumb Code    78  timers.o(i.xTimerCreateTimerTask)
    xTimerGenericCommand                     0x0800bf51   Thumb Code    98  timers.o(i.xTimerGenericCommand)
    defaultTask_attributes                   0x0800bfb8   Data          36  freertos.o(.constdata)
    uartCommTask_attributes                  0x0800bfdc   Data          36  freertos.o(.constdata)
    tempCtrlTask_attributes                  0x0800c000   Data          36  freertos.o(.constdata)
    compoundAction_attributes                0x0800c024   Data          36  freertos.o(.constdata)
    AHBPrescTable                            0x0800c2ce   Data          16  system_stm32f4xx.o(.constdata)
    APBPrescTable                            0x0800c2de   Data           8  system_stm32f4xx.o(.constdata)
    Region$$Table$$Base                      0x0800c4c0   Number         0  anon$$obj.o(Region$$Table)
    Region$$Table$$Limit                     0x0800c4e0   Number         0  anon$$obj.o(Region$$Table)
    defaultTaskHandle                        0x20000034   Data           4  freertos.o(.data)
    uartCommTaskHandle                       0x20000038   Data           4  freertos.o(.data)
    tempCtrlTaskHandle                       0x2000003c   Data           4  freertos.o(.data)
    compoundActionTaskHandle                 0x20000040   Data           4  freertos.o(.data)
    uartRxQueueHandle                        0x20000044   Data           4  freertos.o(.data)
    modbus_rx_sem                            0x20000050   Data           4  modbus_rtu.o(.data)
    compound_action_queue                    0x20000084   Data           4  modbus_slave_reg.o(.data)
    modbus_rx_len                            0x2000008a   Data           2  usart.o(.data)
    uwTickFreq                               0x20000090   Data           1  stm32f4xx_hal.o(.data)
    uwTickPrio                               0x20000094   Data           4  stm32f4xx_hal.o(.data)
    uwTick                                   0x20000098   Data           4  stm32f4xx_hal.o(.data)
    SystemCoreClock                          0x2000009c   Data           4  system_stm32f4xx.o(.data)
    pxCurrentTCB                             0x200000a0   Data           4  tasks.o(.data)
    __stdout                                 0x20000120   Data           4  stdout.o(.data)
    __microlib_freelist                      0x20000124   Data           4  mvars.o(.data)
    __microlib_freelist_initialised          0x20000128   Data           4  mvars.o(.data)
    hi2c1                                    0x200008e8   Data          84  i2c.o(.bss)
    hiwdg                                    0x2000093c   Data          12  iwdg.o(.bss)
    hsd                                      0x20000948   Data         132  sdio.o(.bss)
    hspi1                                    0x200009cc   Data          88  spi.o(.bss)
    hspi2                                    0x20000a24   Data          88  spi.o(.bss)
    pc_rx_buffer                             0x20000a7c   Data        1024  usart.o(.bss)
    modbus_rtu_rx_buf                        0x20000e7c   Data         128  usart.o(.bss)
    modbus_rtu_rx_backup                     0x20000efc   Data         128  usart.o(.bss)
    huart4                                   0x20000f7c   Data          72  usart.o(.bss)
    huart1                                   0x20000fc4   Data          72  usart.o(.bss)
    huart2                                   0x2000100c   Data          72  usart.o(.bss)
    huart3                                   0x20001054   Data          72  usart.o(.bss)
    hdma_uart4_tx                            0x2000109c   Data          96  usart.o(.bss)
    hdma_uart4_rx                            0x200010fc   Data          96  usart.o(.bss)
    hdma_usart1_rx                           0x2000115c   Data          96  usart.o(.bss)
    hdma_usart1_tx                           0x200011bc   Data          96  usart.o(.bss)
    hdma_usart2_tx                           0x2000121c   Data          96  usart.o(.bss)
    hdma_usart2_rx                           0x2000127c   Data          96  usart.o(.bss)
    hdma_usart3_tx                           0x200012dc   Data          96  usart.o(.bss)
    hdma_usart3_rx                           0x2000133c   Data          96  usart.o(.bss)
    htim6                                    0x2000139c   Data          72  stm32f4xx_hal_timebase_tim.o(.bss)
    xQueueRegistry                           0x200013e4   Data          64  queue.o(.bss)
    __heap_base                              0x20005cb8   Data           0  startup_stm32f405xx.o(HEAP)
    __heap_limit                             0x20005eb8   Data           0  startup_stm32f405xx.o(HEAP)
    __initial_sp                             0x200062b8   Data           0  startup_stm32f405xx.o(STACK)



==============================================================================

Memory Map of the image

  Image Entry point : 0x08000189

  Load Region LR_IROM1 (Base: 0x08000000, Size: 0x0000c60c, Max: 0x00100000, ABSOLUTE, COMPRESSED[0x0000c50c])

    Execution Region ER_IROM1 (Base: 0x08000000, Size: 0x0000c4e0, Max: 0x00100000, ABSOLUTE)

    Base Addr    Size         Type   Attr      Idx    E Section Name        Object

    0x08000000   0x00000188   Data   RO            3    RESET               startup_stm32f405xx.o
    0x08000188   0x00000000   Code   RO         7682  * .ARM.Collect$$$$00000000  mc_w.l(entry.o)
    0x08000188   0x00000004   Code   RO         7986    .ARM.Collect$$$$00000001  mc_w.l(entry2.o)
    0x0800018c   0x00000004   Code   RO         7989    .ARM.Collect$$$$00000004  mc_w.l(entry5.o)
    0x08000190   0x00000000   Code   RO         7991    .ARM.Collect$$$$00000008  mc_w.l(entry7b.o)
    0x08000190   0x00000000   Code   RO         7993    .ARM.Collect$$$$0000000A  mc_w.l(entry8b.o)
    0x08000190   0x00000008   Code   RO         7994    .ARM.Collect$$$$0000000B  mc_w.l(entry9a.o)
    0x08000198   0x00000000   Code   RO         7996    .ARM.Collect$$$$0000000D  mc_w.l(entry10a.o)
    0x08000198   0x00000000   Code   RO         7998    .ARM.Collect$$$$0000000F  mc_w.l(entry11a.o)
    0x08000198   0x00000004   Code   RO         7987    .ARM.Collect$$$$00002712  mc_w.l(entry2.o)
    0x0800019c   0x000000be   Code   RO         7605    .emb_text           port.o
    0x0800025a   0x00000002   PAD
    0x0800025c   0x00000024   Code   RO            4    .text               startup_stm32f405xx.o
    0x08000280   0x00000062   Code   RO         7685    .text               mc_w.l(uldiv.o)
    0x080002e2   0x00000024   Code   RO         7687    .text               mc_w.l(memcpya.o)
    0x08000306   0x00000024   Code   RO         7691    .text               mc_w.l(memseta.o)
    0x0800032a   0x00000026   Code   RO         7984    .text               mf_w.l(f2d.o)
    0x08000350   0x0000002c   Code   RO         8001    .text               mc_w.l(uidiv.o)
    0x0800037c   0x0000001e   Code   RO         8003    .text               mc_w.l(llshl.o)
    0x0800039a   0x00000020   Code   RO         8005    .text               mc_w.l(llushr.o)
    0x080003ba   0x00000000   Code   RO         8009    .text               mc_w.l(iusefp.o)
    0x080003ba   0x0000014e   Code   RO         8010    .text               mf_w.l(dadd.o)
    0x08000508   0x000000e4   Code   RO         8012    .text               mf_w.l(dmul.o)
    0x080005ec   0x000000de   Code   RO         8014    .text               mf_w.l(ddiv.o)
    0x080006ca   0x00000030   Code   RO         8016    .text               mf_w.l(dfixul.o)
    0x080006fa   0x00000002   PAD
    0x080006fc   0x00000030   Code   RO         8018    .text               mf_w.l(cdrcmple.o)
    0x0800072c   0x00000024   Code   RO         8020    .text               mc_w.l(init.o)
    0x08000750   0x00000024   Code   RO         8022    .text               mc_w.l(llsshr.o)
    0x08000774   0x000000ba   Code   RO         8024    .text               mf_w.l(depilogue.o)
    0x0800082e   0x0000003a   Code   RO         8034    .text               mc_w.l(__dczerorl.o)
    0x08000868   0x00000002   Code   RO         1901    i.BusFault_Handler  stm32f4xx_it.o
    0x0800086a   0x00000002   PAD
    0x0800086c   0x0000000c   Code   RO         1902    i.DMA1_Stream1_IRQHandler  stm32f4xx_it.o
    0x08000878   0x0000000c   Code   RO         1903    i.DMA1_Stream2_IRQHandler  stm32f4xx_it.o
    0x08000884   0x0000000c   Code   RO         1904    i.DMA1_Stream3_IRQHandler  stm32f4xx_it.o
    0x08000890   0x0000000c   Code   RO         1905    i.DMA1_Stream4_IRQHandler  stm32f4xx_it.o
    0x0800089c   0x0000000c   Code   RO         1906    i.DMA1_Stream5_IRQHandler  stm32f4xx_it.o
    0x080008a8   0x0000000c   Code   RO         1907    i.DMA1_Stream6_IRQHandler  stm32f4xx_it.o
    0x080008b4   0x00000002   Code   RO         1908    i.DMA2_Stream1_IRQHandler  stm32f4xx_it.o
    0x080008b6   0x00000002   PAD
    0x080008b8   0x0000000c   Code   RO         1909    i.DMA2_Stream2_IRQHandler  stm32f4xx_it.o
    0x080008c4   0x00000002   Code   RO         1910    i.DMA2_Stream6_IRQHandler  stm32f4xx_it.o
    0x080008c6   0x00000002   PAD
    0x080008c8   0x0000000c   Code   RO         1911    i.DMA2_Stream7_IRQHandler  stm32f4xx_it.o
    0x080008d4   0x00000028   Code   RO         3511    i.DMA_CalcBaseAndBitshift  stm32f4xx_hal_dma.o
    0x080008fc   0x00000054   Code   RO         3512    i.DMA_CheckFifoParam  stm32f4xx_hal_dma.o
    0x08000950   0x00000028   Code   RO         3513    i.DMA_SetConfig     stm32f4xx_hal_dma.o
    0x08000978   0x00000002   Code   RO         1912    i.DebugMon_Handler  stm32f4xx_it.o
    0x0800097a   0x00000004   Code   RO          373    i.Error_Handler     main.o
    0x0800097e   0x00000092   Code   RO         3514    i.HAL_DMA_Abort     stm32f4xx_hal_dma.o
    0x08000a10   0x00000024   Code   RO         3515    i.HAL_DMA_Abort_IT  stm32f4xx_hal_dma.o
    0x08000a34   0x00000006   Code   RO         3518    i.HAL_DMA_GetState  stm32f4xx_hal_dma.o
    0x08000a3a   0x00000002   PAD
    0x08000a3c   0x000001a0   Code   RO         3519    i.HAL_DMA_IRQHandler  stm32f4xx_hal_dma.o
    0x08000bdc   0x000000d4   Code   RO         3520    i.HAL_DMA_Init      stm32f4xx_hal_dma.o
    0x08000cb0   0x0000006e   Code   RO         3524    i.HAL_DMA_Start_IT  stm32f4xx_hal_dma.o
    0x08000d1e   0x00000002   PAD
    0x08000d20   0x00000024   Code   RO         3951    i.HAL_Delay         stm32f4xx_hal.o
    0x08000d44   0x000001f0   Code   RO         3407    i.HAL_GPIO_Init     stm32f4xx_hal_gpio.o
    0x08000f34   0x0000000a   Code   RO         3409    i.HAL_GPIO_ReadPin  stm32f4xx_hal_gpio.o
    0x08000f3e   0x00000010   Code   RO         3410    i.HAL_GPIO_TogglePin  stm32f4xx_hal_gpio.o
    0x08000f4e   0x0000000a   Code   RO         3411    i.HAL_GPIO_WritePin  stm32f4xx_hal_gpio.o
    0x08000f58   0x0000000c   Code   RO         3957    i.HAL_GetTick       stm32f4xx_hal.o
    0x08000f64   0x00000002   Code   RO         4202    i.HAL_I2C_AbortCpltCallback  stm32f4xx_hal_i2c.o
    0x08000f66   0x00000002   Code   RO         4203    i.HAL_I2C_AddrCallback  stm32f4xx_hal_i2c.o
    0x08000f68   0x000000ba   Code   RO         4206    i.HAL_I2C_ER_IRQHandler  stm32f4xx_hal_i2c.o
    0x08001022   0x00000230   Code   RO         4207    i.HAL_I2C_EV_IRQHandler  stm32f4xx_hal_i2c.o
    0x08001252   0x00000002   Code   RO         4209    i.HAL_I2C_ErrorCallback  stm32f4xx_hal_i2c.o
    0x08001254   0x00000188   Code   RO         4213    i.HAL_I2C_Init      stm32f4xx_hal_i2c.o
    0x080013dc   0x00000002   Code   RO         4215    i.HAL_I2C_ListenCpltCallback  stm32f4xx_hal_i2c.o
    0x080013de   0x00000002   Code   RO         4216    i.HAL_I2C_MasterRxCpltCallback  stm32f4xx_hal_i2c.o
    0x080013e0   0x00000002   Code   RO         4217    i.HAL_I2C_MasterTxCpltCallback  stm32f4xx_hal_i2c.o
    0x080013e2   0x00000002   Code   RO         4229    i.HAL_I2C_MemRxCpltCallback  stm32f4xx_hal_i2c.o
    0x080013e4   0x00000002   Code   RO         4230    i.HAL_I2C_MemTxCpltCallback  stm32f4xx_hal_i2c.o
    0x080013e6   0x00000002   PAD
    0x080013e8   0x00000204   Code   RO         4231    i.HAL_I2C_Mem_Read  stm32f4xx_hal_i2c.o
    0x080015ec   0x00000130   Code   RO         4234    i.HAL_I2C_Mem_Write  stm32f4xx_hal_i2c.o
    0x0800171c   0x0000008c   Code   RO         1478    i.HAL_I2C_MspInit   i2c.o
    0x080017a8   0x00000002   Code   RO         4239    i.HAL_I2C_SlaveRxCpltCallback  stm32f4xx_hal_i2c.o
    0x080017aa   0x00000002   Code   RO         4240    i.HAL_I2C_SlaveTxCpltCallback  stm32f4xx_hal_i2c.o
    0x080017ac   0x0000005e   Code   RO         4657    i.HAL_IWDG_Init     stm32f4xx_hal_iwdg.o
    0x0800180a   0x0000000c   Code   RO         4658    i.HAL_IWDG_Refresh  stm32f4xx_hal_iwdg.o
    0x08001816   0x00000002   PAD
    0x08001818   0x00000010   Code   RO         3963    i.HAL_IncTick       stm32f4xx_hal.o
    0x08001828   0x00000034   Code   RO         3964    i.HAL_Init          stm32f4xx_hal.o
    0x0800185c   0x00000098   Code   RO         1862    i.HAL_InitTick      stm32f4xx_hal_timebase_tim.o
    0x080018f4   0x00000038   Code   RO         1838    i.HAL_MspInit       stm32f4xx_hal_msp.o
    0x0800192c   0x0000001a   Code   RO         3799    i.HAL_NVIC_EnableIRQ  stm32f4xx_hal_cortex.o
    0x08001946   0x00000002   PAD
    0x08001948   0x00000040   Code   RO         3805    i.HAL_NVIC_SetPriority  stm32f4xx_hal_cortex.o
    0x08001988   0x00000024   Code   RO         3806    i.HAL_NVIC_SetPriorityGrouping  stm32f4xx_hal_cortex.o
    0x080019ac   0x00000134   Code   RO         3053    i.HAL_RCC_ClockConfig  stm32f4xx_hal_rcc.o
    0x08001ae0   0x00000040   Code   RO         3057    i.HAL_RCC_GetClockConfig  stm32f4xx_hal_rcc.o
    0x08001b20   0x00000020   Code   RO         3060    i.HAL_RCC_GetPCLK1Freq  stm32f4xx_hal_rcc.o
    0x08001b40   0x00000020   Code   RO         3061    i.HAL_RCC_GetPCLK2Freq  stm32f4xx_hal_rcc.o
    0x08001b60   0x00000060   Code   RO         3062    i.HAL_RCC_GetSysClockFreq  stm32f4xx_hal_rcc.o
    0x08001bc0   0x0000036c   Code   RO         3065    i.HAL_RCC_OscConfig  stm32f4xx_hal_rcc.o
    0x08001f2c   0x00000002   Code   RO         4974    i.HAL_SD_AbortCallback  stm32f4xx_hal_sd.o
    0x08001f2e   0x00000002   Code   RO         4979    i.HAL_SD_ErrorCallback  stm32f4xx_hal_sd.o
    0x08001f30   0x0000002c   Code   RO         4983    i.HAL_SD_GetCardState  stm32f4xx_hal_sd.o
    0x08001f5c   0x00000208   Code   RO         4987    i.HAL_SD_IRQHandler  stm32f4xx_hal_sd.o
    0x08002164   0x00000002   Code   RO         4995    i.HAL_SD_RxCpltCallback  stm32f4xx_hal_sd.o
    0x08002166   0x00000002   Code   RO         4996    i.HAL_SD_TxCpltCallback  stm32f4xx_hal_sd.o
    0x08002168   0x00000002   Code   RO         5223    i.HAL_SPI_ErrorCallback  stm32f4xx_hal_spi.o
    0x0800216a   0x00000002   PAD
    0x0800216c   0x000000fc   Code   RO         5226    i.HAL_SPI_IRQHandler  stm32f4xx_hal_spi.o
    0x08002268   0x000000bc   Code   RO         5227    i.HAL_SPI_Init      stm32f4xx_hal_spi.o
    0x08002324   0x00000098   Code   RO         1592    i.HAL_SPI_MspInit   spi.o
    0x080023bc   0x00000154   Code   RO         5230    i.HAL_SPI_Receive   stm32f4xx_hal_spi.o
    0x08002510   0x00000166   Code   RO         5235    i.HAL_SPI_Transmit  stm32f4xx_hal_spi.o
    0x08002676   0x000001f0   Code   RO         5236    i.HAL_SPI_TransmitReceive  stm32f4xx_hal_spi.o
    0x08002866   0x00000002   Code   RO         2785    i.HAL_TIMEx_BreakCallback  stm32f4xx_hal_tim_ex.o
    0x08002868   0x00000002   Code   RO         2786    i.HAL_TIMEx_CommutCallback  stm32f4xx_hal_tim_ex.o
    0x0800286a   0x0000005a   Code   RO         2081    i.HAL_TIM_Base_Init  stm32f4xx_hal_tim.o
    0x080028c4   0x00000068   Code   RO         1635    i.HAL_TIM_Base_MspInit  tim.o
    0x0800292c   0x00000080   Code   RO         2086    i.HAL_TIM_Base_Start_IT  stm32f4xx_hal_tim.o
    0x080029ac   0x00000002   Code   RO         2115    i.HAL_TIM_IC_CaptureCallback  stm32f4xx_hal_tim.o
    0x080029ae   0x00000130   Code   RO         2129    i.HAL_TIM_IRQHandler  stm32f4xx_hal_tim.o
    0x08002ade   0x00000002   Code   RO         2132    i.HAL_TIM_OC_DelayElapsedCallback  stm32f4xx_hal_tim.o
    0x08002ae0   0x00000002   Code   RO         2159    i.HAL_TIM_PWM_PulseFinishedCallback  stm32f4xx_hal_tim.o
    0x08002ae2   0x00000002   PAD
    0x08002ae4   0x00000014   Code   RO          374    i.HAL_TIM_PeriodElapsedCallback  main.o
    0x08002af8   0x00000002   Code   RO         2172    i.HAL_TIM_TriggerCallback  stm32f4xx_hal_tim.o
    0x08002afa   0x00000002   Code   RO         5550    i.HAL_UARTEx_RxEventCallback  stm32f4xx_hal_uart.o
    0x08002afc   0x00000070   Code   RO         5562    i.HAL_UART_DMAStop  stm32f4xx_hal_uart.o
    0x08002b6c   0x00000002   Code   RO         5564    i.HAL_UART_ErrorCallback  stm32f4xx_hal_uart.o
    0x08002b6e   0x00000002   PAD
    0x08002b70   0x00000280   Code   RO         5567    i.HAL_UART_IRQHandler  stm32f4xx_hal_uart.o
    0x08002df0   0x00000064   Code   RO         5568    i.HAL_UART_Init     stm32f4xx_hal_uart.o
    0x08002e54   0x0000036c   Code   RO         1726    i.HAL_UART_MspInit  usart.o
    0x080031c0   0x0000001c   Code   RO         5572    i.HAL_UART_Receive_DMA  stm32f4xx_hal_uart.o
    0x080031dc   0x00000002   Code   RO         5574    i.HAL_UART_RxCpltCallback  stm32f4xx_hal_uart.o
    0x080031de   0x00000002   Code   RO         5575    i.HAL_UART_RxHalfCpltCallback  stm32f4xx_hal_uart.o
    0x080031e0   0x000000a0   Code   RO         5576    i.HAL_UART_Transmit  stm32f4xx_hal_uart.o
    0x08003280   0x00000002   Code   RO         5579    i.HAL_UART_TxCpltCallback  stm32f4xx_hal_uart.o
    0x08003282   0x00000002   Code   RO         1913    i.HardFault_Handler  stm32f4xx_it.o
    0x08003284   0x0000000c   Code   RO         1914    i.I2C1_ER_IRQHandler  stm32f4xx_it.o
    0x08003290   0x0000000c   Code   RO         1915    i.I2C1_EV_IRQHandler  stm32f4xx_it.o
    0x0800329c   0x000000bc   Code   RO         4251    i.I2C_DMAAbort      stm32f4xx_hal_i2c.o
    0x08003358   0x00000010   Code   RO         4254    i.I2C_Flush_DR      stm32f4xx_hal_i2c.o
    0x08003368   0x00000158   Code   RO         4255    i.I2C_ITError       stm32f4xx_hal_i2c.o
    0x080034c0   0x0000002e   Code   RO         4256    i.I2C_IsAcknowledgeFailed  stm32f4xx_hal_i2c.o
    0x080034ee   0x000000da   Code   RO         4257    i.I2C_MasterReceive_BTF  stm32f4xx_hal_i2c.o
    0x080035c8   0x000000f4   Code   RO         4258    i.I2C_MasterReceive_RXNE  stm32f4xx_hal_i2c.o
    0x080036bc   0x00000082   Code   RO         4261    i.I2C_MasterTransmit_BTF  stm32f4xx_hal_i2c.o
    0x0800373e   0x00000002   PAD
    0x08003740   0x000000b6   Code   RO         4262    i.I2C_MasterTransmit_TXE  stm32f4xx_hal_i2c.o
    0x080037f6   0x00000002   PAD
    0x080037f8   0x00000118   Code   RO         4263    i.I2C_Master_ADDR   stm32f4xx_hal_i2c.o
    0x08003910   0x0000008c   Code   RO         4264    i.I2C_Master_SB     stm32f4xx_hal_i2c.o
    0x0800399c   0x000000a8   Code   RO         4265    i.I2C_MemoryTransmit_TXE_BTF  stm32f4xx_hal_i2c.o
    0x08003a44   0x000000fc   Code   RO         4266    i.I2C_RequestMemoryRead  stm32f4xx_hal_i2c.o
    0x08003b40   0x000000a8   Code   RO         4267    i.I2C_RequestMemoryWrite  stm32f4xx_hal_i2c.o
    0x08003be8   0x00000046   Code   RO         4268    i.I2C_Slave_ADDR    stm32f4xx_hal_i2c.o
    0x08003c2e   0x00000002   PAD
    0x08003c30   0x00000090   Code   RO         4269    i.I2C_Slave_AF      stm32f4xx_hal_i2c.o
    0x08003cc0   0x0000015c   Code   RO         4270    i.I2C_Slave_STOPF   stm32f4xx_hal_i2c.o
    0x08003e1c   0x00000056   Code   RO         4271    i.I2C_WaitOnBTFFlagUntilTimeout  stm32f4xx_hal_i2c.o
    0x08003e72   0x00000002   PAD
    0x08003e74   0x00000090   Code   RO         4272    i.I2C_WaitOnFlagUntilTimeout  stm32f4xx_hal_i2c.o
    0x08003f04   0x000000bc   Code   RO         4273    i.I2C_WaitOnMasterAddressFlagUntilTimeout  stm32f4xx_hal_i2c.o
    0x08003fc0   0x00000070   Code   RO         4274    i.I2C_WaitOnRXNEFlagUntilTimeout  stm32f4xx_hal_i2c.o
    0x08004030   0x00000056   Code   RO         4275    i.I2C_WaitOnTXEFlagUntilTimeout  stm32f4xx_hal_i2c.o
    0x08004086   0x00000002   PAD
    0x08004088   0x000000cc   Code   RO         1429    i.MX_DMA_Init       dma.o
    0x08004154   0x0000007c   Code   RO          311    i.MX_FREERTOS_Init  freertos.o
    0x080041d0   0x00000144   Code   RO         1453    i.MX_GPIO_Init      gpio.o
    0x08004314   0x00000040   Code   RO         1479    i.MX_I2C1_Init      i2c.o
    0x08004354   0x0000002c   Code   RO         1519    i.MX_IWDG_Init      iwdg.o
    0x08004380   0x0000004c   Code   RO         1593    i.MX_SPI1_Init      spi.o
    0x080043cc   0x00000038   Code   RO         1727    i.MX_UART4_Init     usart.o
    0x08004404   0x00000038   Code   RO         1728    i.MX_USART1_UART_Init  usart.o
    0x0800443c   0x00000038   Code   RO         1729    i.MX_USART2_UART_Init  usart.o
    0x08004474   0x00000038   Code   RO         1730    i.MX_USART3_UART_Init  usart.o
    0x080044ac   0x00000002   Code   RO         1916    i.MemManage_Handler  stm32f4xx_it.o
    0x080044ae   0x00000002   Code   RO         1917    i.NMI_Handler       stm32f4xx_it.o
    0x080044b0   0x0000000c   Code   RO           13    i.PID_GetCurrentTemperature  app_control.o
    0x080044bc   0x0000000c   Code   RO           15    i.PID_SetTemperature  app_control.o
    0x080044c8   0x00000006   Code   RO         4692    i.SDIO_GetResponse  stm32f4xx_ll_sdmmc.o
    0x080044ce   0x00000002   PAD
    0x080044d0   0x0000000c   Code   RO         1918    i.SDIO_IRQHandler   stm32f4xx_it.o
    0x080044dc   0x00000006   Code   RO         4696    i.SDIO_ReadFIFO     stm32f4xx_ll_sdmmc.o
    0x080044e2   0x00000020   Code   RO         4697    i.SDIO_SendCommand  stm32f4xx_ll_sdmmc.o
    0x08004502   0x0000000a   Code   RO         4699    i.SDIO_WriteFIFO    stm32f4xx_ll_sdmmc.o
    0x0800450c   0x00000032   Code   RO         4719    i.SDMMC_CmdSendStatus  stm32f4xx_ll_sdmmc.o
    0x0800453e   0x00000002   PAD
    0x08004540   0x00000034   Code   RO         4723    i.SDMMC_CmdStopTransfer  stm32f4xx_ll_sdmmc.o
    0x08004574   0x00000120   Code   RO         4727    i.SDMMC_GetCmdResp1  stm32f4xx_ll_sdmmc.o
    0x08004694   0x00000044   Code   RO         5002    i.SD_DMARxAbort     stm32f4xx_hal_sd.o
    0x080046d8   0x00000044   Code   RO         5004    i.SD_DMATxAbort     stm32f4xx_hal_sd.o
    0x0800471c   0x0000000c   Code   RO         1919    i.SPI1_IRQHandler   stm32f4xx_it.o
    0x08004728   0x0000000c   Code   RO         1920    i.SPI2_IRQHandler   stm32f4xx_it.o
    0x08004734   0x00000010   Code   RO         5254    i.SPI_DMAAbortOnError  stm32f4xx_hal_spi.o
    0x08004744   0x0000005c   Code   RO         5264    i.SPI_EndRxTransaction  stm32f4xx_hal_spi.o
    0x080047a0   0x0000006c   Code   RO         5265    i.SPI_EndRxTxTransaction  stm32f4xx_hal_spi.o
    0x0800480c   0x000000bc   Code   RO         5270    i.SPI_WaitFlagStateUntilTimeout  stm32f4xx_hal_spi.o
    0x080048c8   0x0000001c   Code   RO          312    i.StartDefaultTask  freertos.o
    0x080048e4   0x0000001a   Code   RO         7040    i.SysTick_Handler   cmsis_os2.o
    0x080048fe   0x00000002   PAD
    0x08004900   0x0000009c   Code   RO          375    i.SystemClock_Config  main.o
    0x0800499c   0x00000010   Code   RO         5902    i.SystemInit        system_stm32f4xx.o
    0x080049ac   0x0000000c   Code   RO         1921    i.TIM6_DAC_IRQHandler  stm32f4xx_it.o
    0x080049b8   0x000000d0   Code   RO         2174    i.TIM_Base_SetConfig  stm32f4xx_hal_tim.o
    0x08004a88   0x00000030   Code   RO         1922    i.UART4_IRQHandler  stm32f4xx_it.o
    0x08004ab8   0x0000000e   Code   RO         5581    i.UART_DMAAbortOnError  stm32f4xx_hal_uart.o
    0x08004ac6   0x0000004a   Code   RO         5582    i.UART_DMAError     stm32f4xx_hal_uart.o
    0x08004b10   0x00000086   Code   RO         5583    i.UART_DMAReceiveCplt  stm32f4xx_hal_uart.o
    0x08004b96   0x0000001e   Code   RO         5585    i.UART_DMARxHalfCplt  stm32f4xx_hal_uart.o
    0x08004bb4   0x0000004e   Code   RO         5591    i.UART_EndRxTransfer  stm32f4xx_hal_uart.o
    0x08004c02   0x0000001c   Code   RO         5592    i.UART_EndTxTransfer  stm32f4xx_hal_uart.o
    0x08004c1e   0x000000c2   Code   RO         5593    i.UART_Receive_IT   stm32f4xx_hal_uart.o
    0x08004ce0   0x0000010c   Code   RO         5594    i.UART_SetConfig    stm32f4xx_hal_uart.o
    0x08004dec   0x000000a0   Code   RO         5595    i.UART_Start_Receive_DMA  stm32f4xx_hal_uart.o
    0x08004e8c   0x00000072   Code   RO         5597    i.UART_WaitOnFlagUntilTimeout  stm32f4xx_hal_uart.o
    0x08004efe   0x00000002   PAD
    0x08004f00   0x00000088   Code   RO         1923    i.USART1_IRQHandler  stm32f4xx_it.o
    0x08004f88   0x0000000c   Code   RO         1924    i.USART2_IRQHandler  stm32f4xx_it.o
    0x08004f94   0x0000000c   Code   RO         1925    i.USART3_IRQHandler  stm32f4xx_it.o
    0x08004fa0   0x00000002   Code   RO         1926    i.UsageFault_Handler  stm32f4xx_it.o
    0x08004fa2   0x00000002   PAD
    0x08004fa4   0x00000020   Code   RO         7928    i.__0printf         mc_w.l(printfa.o)
    0x08004fc4   0x0000000c   Code   RO           16    i.__ARM_isnanf      app_control.o
    0x08004fd0   0x0000000c   Code   RO         1336    i.__ARM_isnanf      ads124s08_rtd.o
    0x08004fdc   0x00000020   Code   RO         3812    i.__NVIC_SetPriority  stm32f4xx_hal_cortex.o
    0x08004ffc   0x0000000e   Code   RO         8028    i.__scatterload_copy  mc_w.l(handlers.o)
    0x0800500a   0x00000002   Code   RO         8029    i.__scatterload_null  mc_w.l(handlers.o)
    0x0800500c   0x0000000e   Code   RO         8030    i.__scatterload_zeroinit  mc_w.l(handlers.o)
    0x0800501a   0x00000002   PAD
    0x0800501c   0x00000164   Code   RO         7935    i._fp_digits        mc_w.l(printfa.o)
    0x08005180   0x000006dc   Code   RO         7936    i._printf_core      mc_w.l(printfa.o)
    0x0800585c   0x00000024   Code   RO         7937    i._printf_post_padding  mc_w.l(printfa.o)
    0x08005880   0x0000002e   Code   RO         7938    i._printf_pre_padding  mc_w.l(printfa.o)
    0x080058ae   0x00000002   PAD
    0x080058b0   0x00000038   Code   RO         1156    i.action_enqueue    modbus_slave_reg.o
    0x080058e8   0x0000002c   Code   RO         1337    i.ads124s08_hard_reset  ads124s08_rtd.o
    0x08005914   0x000001a0   Code   RO         1338    i.ads124s08_init    ads124s08_rtd.o
    0x08005ab4   0x0000006c   Code   RO         1339    i.ads124s08_read_reg  ads124s08_rtd.o
    0x08005b20   0x000000b4   Code   RO         1340    i.ads124s08_read_sensor_temp  ads124s08_rtd.o
    0x08005bd4   0x00000084   Code   RO         1341    i.ads124s08_read_temperature  ads124s08_rtd.o
    0x08005c58   0x0000005c   Code   RO         1343    i.ads124s08_write_reg  ads124s08_rtd.o
    0x08005cb4   0x0000001c   Code   RO         1114    i.at24c02_read_buffer  at24c02.o
    0x08005cd0   0x00000020   Code   RO         1117    i.at24c02_write_page  at24c02.o
    0x08005cf0   0x00000124   Code   RO         1157    i.cmd_fujun_home    modbus_slave_reg.o
    0x08005e14   0x000000e8   Code   RO         1158    i.cmd_fujun_move_to  modbus_slave_reg.o
    0x08005efc   0x00000304   Code   RO         1159    i.cmd_init_workflow  modbus_slave_reg.o
    0x08006200   0x00000434   Code   RO         1160    i.cmd_lay_film_action  modbus_slave_reg.o
    0x08006634   0x00000300   Code   RO         1161    i.cmd_seal_action   modbus_slave_reg.o
    0x08006934   0x000000c4   Code   RO         1162    i.cmd_seal_cyl_move  modbus_slave_reg.o
    0x080069f8   0x0000035c   Code   RO         1163    i.cmd_start_workflow  modbus_slave_reg.o
    0x08006d54   0x000003c0   Code   RO         1164    i.cmd_stop_workflow  modbus_slave_reg.o
    0x08007114   0x000000c8   Code   RO         1165    i.cmd_suck_cyl_move  modbus_slave_reg.o
    0x080071dc   0x00000374   Code   RO         1166    i.cmd_suction_action  modbus_slave_reg.o
    0x08007550   0x0000015c   Code   RO         1167    i.cmd_suction_cup_ctrl  modbus_slave_reg.o
    0x080076ac   0x00000118   Code   RO         1168    i.cmd_well_plate_action  modbus_slave_reg.o
    0x080077c4   0x000000bc   Code   RO         1169    i.compound_action_task  modbus_slave_reg.o
    0x08007880   0x00000038   Code   RO         1344    i.config_idac       ads124s08_rtd.o
    0x080078b8   0x00000012   Code   RO          510    i.cylinder_home     dev_cylinder.o
    0x080078ca   0x00000012   Code   RO          511    i.cylinder_id_to_addr  dev_cylinder.o
    0x080078dc   0x00000016   Code   RO          519    i.cylinder_move_to  dev_cylinder.o
    0x080078f2   0x00000024   Code   RO          521    i.cylinder_read_home_state  dev_cylinder.o
    0x08007916   0x00000026   Code   RO          522    i.cylinder_read_motion_state  dev_cylinder.o
    0x0800793c   0x000000a8   Code   RO          533    i.cylinder_wait_arrived  dev_cylinder.o
    0x080079e4   0x00000078   Code   RO          534    i.cylinder_wait_home  dev_cylinder.o
    0x08007a5c   0x00000034   Code   RO         1170    i.delay_interruptible  modbus_slave_reg.o
    0x08007a90   0x00000138   Code   RO          535    i.dev_cylinder_init  dev_cylinder.o
    0x08007bc8   0x00000094   Code   RO          694    i.dev_fujun_motor_init  dev_fujun_motor.o
    0x08007c5c   0x00000054   Code   RO          832    i.dev_suction_cup_init  dev_suction_cup.o
    0x08007cb0   0x0000002e   Code   RO           17    i.eeprom_read_u32   app_control.o
    0x08007cde   0x0000002e   Code   RO           18    i.eeprom_write_u32  app_control.o
    0x08007d0c   0x0000006c   Code   RO         1171    i.fault_update      modbus_slave_reg.o
    0x08007d78   0x00000018   Code   RO         1731    i.fputc             usart.o
    0x08007d90   0x00000050   Code   RO         7956    i.free              mc_w.l(malloc.o)
    0x08007de0   0x0000000a   Code   RO          695    i.fujun_motor_clear_alarm  dev_fujun_motor.o
    0x08007dea   0x00000008   Code   RO          700    i.fujun_motor_move_to_absolute  dev_fujun_motor.o
    0x08007df2   0x00000014   Code   RO          701    i.fujun_motor_read_alarm  dev_fujun_motor.o
    0x08007e06   0x00000026   Code   RO          702    i.fujun_motor_read_position  dev_fujun_motor.o
    0x08007e2c   0x0000000a   Code   RO          707    i.fujun_motor_set_direction  dev_fujun_motor.o
    0x08007e36   0x00000036   Code   RO          708    i.fujun_motor_set_limit_ports  dev_fujun_motor.o
    0x08007e6c   0x00000158   Code   RO          710    i.fujun_motor_wait_position  dev_fujun_motor.o
    0x08007fc4   0x00000010   Code   RO           19    i.heart_off         app_control.o
    0x08007fd4   0x00000010   Code   RO           20    i.heart_on          app_control.o
    0x08007fe4   0x0000001c   Code   RO         1732    i.host_transmit     usart.o
    0x08008000   0x0000000c   Code   RO           21    i.led_blink         app_control.o
    0x0800800c   0x00000084   Code   RO          376    i.main              main.o
    0x08008090   0x0000006c   Code   RO         7957    i.malloc            mc_w.l(malloc.o)
    0x080080fc   0x0000004c   Code   RO         1172    i.modbus_apply_pending_slave_addr  modbus_slave_reg.o
    0x08008148   0x00000004   Code   RO          447    i.modbus_build_crc  usart_comm.o
    0x0800814c   0x0000002c   Code   RO          963    i.modbus_crc16      modbus_rtu.o
    0x08008178   0x00000020   Code   RO          964    i.modbus_create_mutex  modbus_rtu.o
    0x08008198   0x00000018   Code   RO          965    i.modbus_create_rx_semaphore  modbus_rtu.o
    0x080081b0   0x000000a4   Code   RO          966    i.modbus_exception_name  modbus_rtu.o
    0x08008254   0x000000c4   Code   RO          967    i.modbus_fc_name    modbus_rtu.o
    0x08008318   0x0000000c   Code   RO         1173    i.modbus_get_slave_addr  modbus_slave_reg.o
    0x08008324   0x000000c4   Code   RO          448    i.modbus_handle_read_holding  usart_comm.o
    0x080083e8   0x000000cc   Code   RO          449    i.modbus_handle_write_multiple  usart_comm.o
    0x080084b4   0x0000008c   Code   RO          450    i.modbus_handle_write_single  usart_comm.o
    0x08008540   0x00000050   Code   RO          971    i.modbus_hex_dump   modbus_rtu.o
    0x08008590   0x000001c0   Code   RO          972    i.modbus_log_error  modbus_rtu.o
    0x08008750   0x000000c4   Code   RO          975    i.modbus_read_holding_registers  modbus_rtu.o
    0x08008814   0x00000032   Code   RO         1174    i.modbus_reg_check_access  modbus_slave_reg.o
    0x08008846   0x00000002   PAD
    0x08008848   0x000000fc   Code   RO         1175    i.modbus_reg_eeprom_cache_init  modbus_slave_reg.o
    0x08008944   0x0000000c   Code   RO         1177    i.modbus_reg_is_stop_requested  modbus_slave_reg.o
    0x08008950   0x00000038   Code   RO         1178    i.modbus_reg_lookup  modbus_slave_reg.o
    0x08008988   0x000000d0   Code   RO         1179    i.modbus_reg_read_value  modbus_slave_reg.o
    0x08008a58   0x000000ac   Code   RO         1180    i.modbus_reg_set_system_state  modbus_slave_reg.o
    0x08008b04   0x0000001c   Code   RO         1181    i.modbus_reg_set_temp_fault  modbus_slave_reg.o
    0x08008b20   0x0000016c   Code   RO         1182    i.modbus_reg_write32_execute  modbus_slave_reg.o
    0x08008c8c   0x00000390   Code   RO         1183    i.modbus_reg_write_execute  modbus_slave_reg.o
    0x0800901c   0x00000024   Code   RO         1733    i.modbus_rs485_rx_begin  usart.o
    0x08009040   0x00000078   Code   RO         1734    i.modbus_rs485_rx_end  usart.o
    0x080090b8   0x00000036   Code   RO          451    i.modbus_send_exception  usart_comm.o
    0x080090ee   0x00000004   Code   RO          452    i.modbus_send_response  usart_comm.o
    0x080090f2   0x00000002   PAD
    0x080090f4   0x00000320   Code   RO          979    i.modbus_transaction  modbus_rtu.o
    0x08009414   0x000000f4   Code   RO          980    i.modbus_write_multiple_registers  modbus_rtu.o
    0x08009508   0x000000b8   Code   RO          982    i.modbus_write_single_register  modbus_rtu.o
    0x080095c0   0x0000001a   Code   RO         7042    i.osDelay           cmsis_os2.o
    0x080095da   0x0000000e   Code   RO         7054    i.osKernelGetTickCount  cmsis_os2.o
    0x080095e8   0x00000024   Code   RO         7056    i.osKernelInitialize  cmsis_os2.o
    0x0800960c   0x00000038   Code   RO         7059    i.osKernelStart     cmsis_os2.o
    0x08009644   0x00000064   Code   RO         7071    i.osMessageQueueGet  cmsis_os2.o
    0x080096a8   0x00000058   Code   RO         7076    i.osMessageQueueNew  cmsis_os2.o
    0x08009700   0x00000068   Code   RO         7077    i.osMessageQueuePut  cmsis_os2.o
    0x08009768   0x00000052   Code   RO         7079    i.osMutexAcquire    cmsis_os2.o
    0x080097ba   0x00000068   Code   RO         7082    i.osMutexNew        cmsis_os2.o
    0x08009822   0x00000042   Code   RO         7083    i.osMutexRelease    cmsis_os2.o
    0x08009864   0x0000005c   Code   RO         7084    i.osSemaphoreAcquire  cmsis_os2.o
    0x080098c0   0x00000098   Code   RO         7087    i.osSemaphoreNew    cmsis_os2.o
    0x08009958   0x00000054   Code   RO         7088    i.osSemaphoreRelease  cmsis_os2.o
    0x080099ac   0x00000088   Code   RO         7101    i.osThreadNew       cmsis_os2.o
    0x08009a34   0x00000020   Code   RO         7104    i.osThreadSuspend   cmsis_os2.o
    0x08009a54   0x0000005c   Code   RO         6504    i.prvAddCurrentTaskToDelayedList  tasks.o
    0x08009ab0   0x000000d0   Code   RO         6505    i.prvAddNewTaskToReadyList  tasks.o
    0x08009b80   0x00000058   Code   RO         6869    i.prvCheckForValidListAndQueue  timers.o
    0x08009bd8   0x00000026   Code   RO         6107    i.prvCopyDataFromQueue  queue.o
    0x08009bfe   0x0000006c   Code   RO         6108    i.prvCopyDataToQueue  queue.o
    0x08009c6a   0x00000034   Code   RO         6506    i.prvDeleteTCB      tasks.o
    0x08009c9e   0x00000002   PAD
    0x08009ca0   0x0000004c   Code   RO         7550    i.prvHeapInit       heap_4.o
    0x08009cec   0x00000060   Code   RO         6507    i.prvIdleTask       tasks.o
    0x08009d4c   0x00000016   Code   RO         6109    i.prvInitialiseMutex  queue.o
    0x08009d62   0x00000002   PAD
    0x08009d64   0x00000022   Code   RO         6110    i.prvInitialiseNewQueue  queue.o
    0x08009d86   0x00000002   PAD
    0x08009d88   0x000000b0   Code   RO         6508    i.prvInitialiseNewTask  tasks.o
    0x08009e38   0x0000004c   Code   RO         7551    i.prvInsertBlockIntoFreeList  heap_4.o
    0x08009e84   0x00000038   Code   RO         6871    i.prvInsertTimerInActiveList  timers.o
    0x08009ebc   0x0000001c   Code   RO         6111    i.prvIsQueueEmpty   queue.o
    0x08009ed8   0x000000fc   Code   RO         6872    i.prvProcessReceivedCommands  timers.o
    0x08009fd4   0x000000c0   Code   RO         6873    i.prvProcessTimerOrBlockTask  timers.o
    0x0800a094   0x00000020   Code   RO         6510    i.prvResetNextTaskUnblockTime  tasks.o
    0x0800a0b4   0x00000028   Code   RO         6874    i.prvSampleTimeNow  timers.o
    0x0800a0dc   0x0000006c   Code   RO         6875    i.prvSwitchTimerLists  timers.o
    0x0800a148   0x00000028   Code   RO         7606    i.prvTaskExitError  port.o
    0x0800a170   0x00000024   Code   RO         6876    i.prvTimerTask      timers.o
    0x0800a194   0x0000006a   Code   RO         6112    i.prvUnlockQueue    queue.o
    0x0800a1fe   0x00000002   PAD
    0x0800a200   0x000000dc   Code   RO         7552    i.pvPortMalloc      heap_4.o
    0x0800a2dc   0x00000018   Code   RO         6513    i.pvTaskIncrementMutexHeldCount  tasks.o
    0x0800a2f4   0x0000002c   Code   RO         7607    i.pxPortInitialiseStack  port.o
    0x0800a320   0x00000068   Code   RO         1345    i.read_data         ads124s08_rtd.o
    0x0800a388   0x000000d0   Code   RO         1346    i.resistance_to_temperature  ads124s08_rtd.o
    0x0800a458   0x0000001c   Code   RO         1735    i.rs485_transmit    usart.o
    0x0800a474   0x00000022   Code   RO          837    i.suction_cup_read_state  dev_suction_cup.o
    0x0800a496   0x0000000a   Code   RO          839    i.suction_cup_release  dev_suction_cup.o
    0x0800a4a0   0x0000000a   Code   RO          841    i.suction_cup_set_io_mode  dev_suction_cup.o
    0x0800a4aa   0x0000000a   Code   RO          842    i.suction_cup_set_judge_time  dev_suction_cup.o
    0x0800a4b4   0x0000000a   Code   RO          843    i.suction_cup_set_max_vacuum  dev_suction_cup.o
    0x0800a4be   0x0000000a   Code   RO          844    i.suction_cup_set_min_vacuum  dev_suction_cup.o
    0x0800a4c8   0x0000000a   Code   RO          846    i.suction_cup_suck  dev_suction_cup.o
    0x0800a4d2   0x00000008   Code   RO          848    i.suction_cup_wait_hold  dev_suction_cup.o
    0x0800a4da   0x00000008   Code   RO          849    i.suction_cup_wait_release  dev_suction_cup.o
    0x0800a4e2   0x00000002   PAD
    0x0800a4e4   0x000000d0   Code   RO          850    i.suction_cup_wait_state  dev_suction_cup.o
    0x0800a5b4   0x0000000c   Code   RO           22    i.temp_ctrl_is_running  app_control.o
    0x0800a5c0   0x0000005c   Code   RO           23    i.temp_ctrl_start   app_control.o
    0x0800a61c   0x00000044   Code   RO           24    i.temp_ctrl_stop    app_control.o
    0x0800a660   0x0000034c   Code   RO           25    i.temp_ctrl_task    app_control.o
    0x0800a9ac   0x00000080   Code   RO          453    i.uart_comm_task    usart_comm.o
    0x0800aa2c   0x00000044   Code   RO         1736    i.uart_dma_init     usart.o
    0x0800aa70   0x00000026   Code   RO         6067    i.uxListRemove      list.o
    0x0800aa96   0x00000002   PAD
    0x0800aa98   0x00000014   Code   RO         7113    i.vApplicationGetIdleTaskMemory  cmsis_os2.o
    0x0800aaac   0x00000018   Code   RO         7114    i.vApplicationGetTimerTaskMemory  cmsis_os2.o
    0x0800aac4   0x00000016   Code   RO         6068    i.vListInitialise   list.o
    0x0800aada   0x00000006   Code   RO         6069    i.vListInitialiseItem  list.o
    0x0800aae0   0x00000030   Code   RO         6070    i.vListInsert       list.o
    0x0800ab10   0x00000018   Code   RO         6071    i.vListInsertEnd    list.o
    0x0800ab28   0x00000040   Code   RO         7609    i.vPortEnterCritical  port.o
    0x0800ab68   0x00000028   Code   RO         7610    i.vPortExitCritical  port.o
    0x0800ab90   0x00000064   Code   RO         7553    i.vPortFree         heap_4.o
    0x0800abf4   0x00000024   Code   RO         7611    i.vPortSetupTimerInterrupt  port.o
    0x0800ac18   0x00000054   Code   RO         7612    i.vPortValidateInterruptPriority  port.o
    0x0800ac6c   0x00000028   Code   RO         6118    i.vQueueAddToRegistry  queue.o
    0x0800ac94   0x0000002e   Code   RO         6119    i.vQueueDelete      queue.o
    0x0800acc2   0x00000002   PAD
    0x0800acc4   0x00000028   Code   RO         6121    i.vQueueUnregisterQueue  queue.o
    0x0800acec   0x00000044   Code   RO         6122    i.vQueueWaitForMessageRestricted  queue.o
    0x0800ad30   0x0000004c   Code   RO         6523    i.vTaskDelay        tasks.o
    0x0800ad7c   0x00000010   Code   RO         6528    i.vTaskInternalSetTimeOutState  tasks.o
    0x0800ad8c   0x0000000c   Code   RO         6529    i.vTaskMissedYield  tasks.o
    0x0800ad98   0x00000030   Code   RO         6531    i.vTaskPlaceOnEventList  tasks.o
    0x0800adc8   0x00000038   Code   RO         6532    i.vTaskPlaceOnEventListRestricted  tasks.o
    0x0800ae00   0x00000090   Code   RO         6534    i.vTaskPriorityDisinheritAfterTimeout  tasks.o
    0x0800ae90   0x00000088   Code   RO         6540    i.vTaskStartScheduler  tasks.o
    0x0800af18   0x0000009c   Code   RO         6541    i.vTaskSuspend      tasks.o
    0x0800afb4   0x00000010   Code   RO         6542    i.vTaskSuspendAll   tasks.o
    0x0800afc4   0x00000064   Code   RO         6543    i.vTaskSwitchContext  tasks.o
    0x0800b028   0x00000098   Code   RO         1347    i.wait_drdy         ads124s08_rtd.o
    0x0800b0c0   0x00000030   Code   RO         1348    i.write_cmd         ads124s08_rtd.o
    0x0800b0f0   0x0000001a   Code   RO          712    i.write_int32       dev_fujun_motor.o
    0x0800b10a   0x0000000a   Code   RO          713    i.write_reg         dev_fujun_motor.o
    0x0800b114   0x000000f4   Code   RO         7613    i.xPortStartScheduler  port.o
    0x0800b208   0x0000002c   Code   RO         7614    i.xPortSysTickHandler  port.o
    0x0800b234   0x0000003a   Code   RO         6123    i.xQueueCreateCountingSemaphore  queue.o
    0x0800b26e   0x00000040   Code   RO         6124    i.xQueueCreateCountingSemaphoreStatic  queue.o
    0x0800b2ae   0x00000016   Code   RO         6125    i.xQueueCreateMutex  queue.o
    0x0800b2c4   0x0000001a   Code   RO         6126    i.xQueueCreateMutexStatic  queue.o
    0x0800b2de   0x00000042   Code   RO         6127    i.xQueueGenericCreate  queue.o
    0x0800b320   0x00000066   Code   RO         6128    i.xQueueGenericCreateStatic  queue.o
    0x0800b386   0x00000002   PAD
    0x0800b388   0x00000088   Code   RO         6129    i.xQueueGenericReset  queue.o
    0x0800b410   0x00000160   Code   RO         6130    i.xQueueGenericSend  queue.o
    0x0800b570   0x000000be   Code   RO         6131    i.xQueueGenericSendFromISR  queue.o
    0x0800b62e   0x0000009c   Code   RO         6134    i.xQueueGiveFromISR  queue.o
    0x0800b6ca   0x0000003e   Code   RO         6135    i.xQueueGiveMutexRecursive  queue.o
    0x0800b708   0x00000138   Code   RO         6140    i.xQueueReceive     queue.o
    0x0800b840   0x0000009a   Code   RO         6141    i.xQueueReceiveFromISR  queue.o
    0x0800b8da   0x00000002   PAD
    0x0800b8dc   0x00000178   Code   RO         6142    i.xQueueSemaphoreTake  queue.o
    0x0800ba54   0x00000040   Code   RO         6143    i.xQueueTakeMutexRecursive  queue.o
    0x0800ba94   0x00000074   Code   RO         6545    i.xTaskCheckForTimeOut  tasks.o
    0x0800bb08   0x0000005a   Code   RO         6546    i.xTaskCreate       tasks.o
    0x0800bb62   0x00000056   Code   RO         6547    i.xTaskCreateStatic  tasks.o
    0x0800bbb8   0x0000000c   Code   RO         6550    i.xTaskGetCurrentTaskHandle  tasks.o
    0x0800bbc4   0x0000001c   Code   RO         6551    i.xTaskGetSchedulerState  tasks.o
    0x0800bbe0   0x0000000c   Code   RO         6552    i.xTaskGetTickCount  tasks.o
    0x0800bbec   0x00000010   Code   RO         6553    i.xTaskGetTickCountFromISR  tasks.o
    0x0800bbfc   0x000000c8   Code   RO         6554    i.xTaskIncrementTick  tasks.o
    0x0800bcc4   0x00000080   Code   RO         6557    i.xTaskPriorityDisinherit  tasks.o
    0x0800bd44   0x00000078   Code   RO         6558    i.xTaskPriorityInherit  tasks.o
    0x0800bdbc   0x00000070   Code   RO         6559    i.xTaskRemoveFromEventList  tasks.o
    0x0800be2c   0x000000c4   Code   RO         6560    i.xTaskResumeAll    tasks.o
    0x0800bef0   0x00000060   Code   RO         6885    i.xTimerCreateTimerTask  timers.o
    0x0800bf50   0x00000068   Code   RO         6886    i.xTimerGenericCommand  timers.o
    0x0800bfb8   0x00000090   Data   RO          313    .constdata          freertos.o
    0x0800c048   0x00000210   Data   RO          984    .constdata          modbus_rtu.o
    0x0800c258   0x00000068   Data   RO         1185    .constdata          modbus_slave_reg.o
    0x0800c2c0   0x00000006   Data   RO         1349    .constdata          ads124s08_rtd.o
    0x0800c2c6   0x00000008   Data   RO         3526    .constdata          stm32f4xx_hal_dma.o
    0x0800c2ce   0x00000010   Data   RO         5903    .constdata          system_stm32f4xx.o
    0x0800c2de   0x00000008   Data   RO         5904    .constdata          system_stm32f4xx.o
    0x0800c2e6   0x00000002   PAD
    0x0800c2e8   0x0000003b   Data   RO          314    .conststring        freertos.o
    0x0800c323   0x00000001   PAD
    0x0800c324   0x0000004c   Data   RO          714    .conststring        dev_fujun_motor.o
    0x0800c370   0x000000f0   Data   RO          985    .conststring        modbus_rtu.o
    0x0800c460   0x00000060   Data   RO         1186    .conststring        modbus_slave_reg.o
    0x0800c4c0   0x00000020   Data   RO         8026    Region$$Table       anon$$obj.o


    Execution Region RW_IRAM1 (Base: 0x20000000, Size: 0x000062b8, Max: 0x0001c000, ABSOLUTE, COMPRESSED[0x0000002c])

    Base Addr    Size         Type   Attr      Idx    E Section Name        Object

    0x20000000   0x00000034   Data   RW           26    .data               app_control.o
    0x20000034   0x00000014   Data   RW          315    .data               freertos.o
    0x20000048   0x00000018   Data   RW          986    .data               modbus_rtu.o
    0x20000060   0x00000028   Data   RW         1187    .data               modbus_slave_reg.o
    0x20000088   0x00000001   Data   RW         1350    .data               ads124s08_rtd.o
    0x20000089   0x00000001   PAD
    0x2000008a   0x00000002   Data   RW         1739    .data               usart.o
    0x2000008c   0x00000002   Data   RW         1740    .data               usart.o
    0x2000008e   0x00000002   PAD
    0x20000090   0x0000000c   Data   RW         3971    .data               stm32f4xx_hal.o
    0x2000009c   0x00000004   Data   RW         5905    .data               system_stm32f4xx.o
    0x200000a0   0x0000003c   Data   RW         6563    .data               tasks.o
    0x200000dc   0x00000014   Data   RW         6894    .data               timers.o
    0x200000f0   0x00000004   Data   RW         7116    .data               cmsis_os2.o
    0x200000f4   0x00000020   Data   RW         7559    .data               heap_4.o
    0x20000114   0x0000000c   Data   RW         7615    .data               port.o
    0x20000120   0x00000004   Data   RW         8000    .data               mc_w.l(stdout.o)
    0x20000124   0x00000004   Data   RW         8007    .data               mc_w.l(mvars.o)
    0x20000128   0x00000004   Data   RW         8008    .data               mc_w.l(mvars.o)
    0x2000012c   0x00000100   Zero   RW          454    .bss                usart_comm.o
    0x2000022c   0x00000578   Zero   RW          983    .bss                modbus_rtu.o
    0x200007a4   0x00000142   Zero   RW         1184    .bss                modbus_slave_reg.o
    0x200008e6   0x00000002   PAD
    0x200008e8   0x00000054   Zero   RW         1480    .bss                i2c.o
    0x2000093c   0x0000000c   Zero   RW         1520    .bss                iwdg.o
    0x20000948   0x00000084   Zero   RW         1552    .bss                sdio.o
    0x200009cc   0x00000058   Zero   RW         1594    .bss                spi.o
    0x20000a24   0x00000058   Zero   RW         1595    .bss                spi.o
    0x20000a7c   0x00000920   Zero   RW         1737    .bss                usart.o
    0x2000139c   0x00000048   Zero   RW         1865    .bss                stm32f4xx_hal_timebase_tim.o
    0x200013e4   0x00000040   Zero   RW         6144    .bss                queue.o
    0x20001424   0x000004c4   Zero   RW         6562    .bss                tasks.o
    0x200018e8   0x00000118   Zero   RW         6893    .bss                timers.o
    0x20001a00   0x000006b8   Zero   RW         7115    .bss                cmsis_os2.o
    0x200020b8   0x00003c00   Zero   RW         7558    .bss                heap_4.o
    0x20005cb8   0x00000200   Zero   RW            2    HEAP                startup_stm32f405xx.o
    0x20005eb8   0x00000400   Zero   RW            1    STACK               startup_stm32f405xx.o


    Execution Region RW_IRAM2 (Base: 0x2001c000, Size: 0x00000000, Max: 0x00004000, ABSOLUTE)

    **** No section assigned to this execution region ****


==============================================================================

Image component sizes


      Code (inc. data)   RO Data    RW Data    ZI Data      Debug   Object Name

      1552        454          6          1          0       9729   ads124s08_rtd.o
      1188        358          0         52          0     704340   app_control.o
        60         10          0          0          0       1727   at24c02.o
      1242         40          0          4       1720      72930   cmsis_os2.o
       732        338          0          0          0      11168   dev_cylinder.o
       668        126         76          0          0       8083   dev_fujun_motor.o
       402         78          0          0          0       8428   dev_suction_cup.o
       204          4          0          0          0       1010   dma.o
         0          0          0          0          0      19632   event_groups.o
       152         34        203         20          0       9500   freertos.o
       324         18          0          0          0       1211   gpio.o
       472         24          0         32      15360       5067   heap_4.o
       204         28          0          0         84       1917   i2c.o
        44          8          0          0         12        823   iwdg.o
       138          0          0          0          0       3750   list.o
       312         66          0          0          0       3056   main.o
      2412        750        768         24       1400      11979   modbus_rtu.o
      9414       5198        200         40        322      26955   modbus_slave_reg.o
       786         82          0         12          0      11909   port.o
      2670         28          0          0         64      31200   queue.o
         0          0          0          0        132        242   sdio.o
       228         24          0          0        176       1951   spi.o
        36          8        392          0       1536        864   startup_stm32f405xx.o
       116         18          0         12          0       8958   stm32f4xx_hal.o
       158         14          0          0          0      33198   stm32f4xx_hal_cortex.o
      1090         16          8          0          0       8277   stm32f4xx_hal_dma.o
       532         46          0          0          0       3668   stm32f4xx_hal_gpio.o
      5532         92          0          0          0      34784   stm32f4xx_hal_i2c.o
       106          0          0          0          0       2011   stm32f4xx_hal_iwdg.o
        56          4          0          0          0        970   stm32f4xx_hal_msp.o
      1408         82          0          0          0       6161   stm32f4xx_hal_rcc.o
       708          8          0          0          0       7072   stm32f4xx_hal_sd.o
      2040         22          0          0          0      11023   stm32f4xx_hal_spi.o
       738         72          0          0          0       7269   stm32f4xx_hal_tim.o
         4          0          0          0          0       1737   stm32f4xx_hal_tim_ex.o
       152         20          0          0         72       1615   stm32f4xx_hal_timebase_tim.o
      2144         28          0          0          0      16825   stm32f4xx_hal_uart.o
       392        120          0          0          0      14958   stm32f4xx_it.o
       444         16          0          0          0       6435   stm32f4xx_ll_sdmmc.o
        16          4         24          4          0       1263   system_stm32f4xx.o
      2556        214          0         60       1220      32699   tasks.o
       104         18          0          0          0       1107   tim.o
       972         80          0         20        280      30195   timers.o
      1404        130          0          4       2336      10865   usart.o
       730         12          0          0        256       9865   usart_comm.o

    ----------------------------------------------------------------------
     44708       8692       1712        288      24972    1198426   Object Totals
         0          0         32          0          0          0   (incl. Generated)
        66          0          3          3          2          0   (incl. Padding)

    ----------------------------------------------------------------------

      Code (inc. data)   RO Data    RW Data    ZI Data      Debug   Library Member Name

        58          0          0          0          0          0   __dczerorl.o
         0          0          0          0          0          0   entry.o
         0          0          0          0          0          0   entry10a.o
         0          0          0          0          0          0   entry11a.o
         8          4          0          0          0          0   entry2.o
         4          0          0          0          0          0   entry5.o
         0          0          0          0          0          0   entry7b.o
         0          0          0          0          0          0   entry8b.o
         8          4          0          0          0          0   entry9a.o
        30          0          0          0          0          0   handlers.o
        36          8          0          0          0         68   init.o
         0          0          0          0          0          0   iusefp.o
        30          0          0          0          0         68   llshl.o
        36          0          0          0          0         68   llsshr.o
        32          0          0          0          0         68   llushr.o
       188         20          0          0          0        160   malloc.o
        36          0          0          0          0         68   memcpya.o
        36          0          0          0          0        108   memseta.o
         0          0          0          8          0          0   mvars.o
      2226         90          0          0          0        444   printfa.o
         0          0          0          4          0          0   stdout.o
        44          0          0          0          0         80   uidiv.o
        98          0          0          0          0         92   uldiv.o
        48          0          0          0          0         68   cdrcmple.o
       334          0          0          0          0        148   dadd.o
       222          0          0          0          0        100   ddiv.o
       186          0          0          0          0        176   depilogue.o
        48          0          0          0          0         68   dfixul.o
       228          0          0          0          0         96   dmul.o
        38          0          0          0          0         68   f2d.o

    ----------------------------------------------------------------------
      3980        126          0         12          0       1948   Library Totals
         6          0          0          0          0          0   (incl. Padding)

    ----------------------------------------------------------------------

      Code (inc. data)   RO Data    RW Data    ZI Data      Debug   Library Name

      2870        126          0         12          0       1224   mc_w.l
      1104          0          0          0          0        724   mf_w.l

    ----------------------------------------------------------------------
      3980        126          0         12          0       1948   Library Totals

    ----------------------------------------------------------------------

==============================================================================


      Code (inc. data)   RO Data    RW Data    ZI Data      Debug   

     48688       8818       1712        300      24972    1163170   Grand Totals
     48688       8818       1712         44      24972    1163170   ELF Image Totals (compressed)
     48688       8818       1712         44          0          0   ROM Totals

==============================================================================

    Total RO  Size (Code + RO Data)                50400 (  49.22kB)
    Total RW  Size (RW Data + ZI Data)             25272 (  24.68kB)
    Total ROM Size (Code + RO Data + RW Data)      50444 (  49.26kB)

==============================================================================

